<html>
<body>
<pre>
<h1>µVision Build Log</h1>
<h2>Tool Versions:</h2>
IDE-Version: ¦ÌVision V5.17.0.0
Copyright (C) 2015 ARM Ltd and ARM Germany GmbH. All rights reserved.
License Information: Abby YAO, hkust, LIC=TA3Y8-3WFNW-QGP7I-T3M5U-6EJBQ-EEH0J
 
Tool Versions:
Toolchain:       MDK-ARM Professional  Version: 5.17
Toolchain Path:  C:\Keil_v5\ARM\ARMCC\Bin
C Compiler:      Armcc.exe V5.06 update 1 (build 61)
Assembler:       Armasm.exe V5.06 update 1 (build 61)
Linker/Locator:  ArmLink.exe V5.06 update 1 (build 61)
Library Manager: ArmAr.exe V5.06 update 1 (build 61)
Hex Converter:   FromElf.exe V5.06 update 1 (build 61)
CPU DLL:         SARMCM3.DLL V5.17
Dialog DLL:      DCM.DLL V1.13.4.0
Target DLL:      STLink\ST-LINKIII-KEIL_SWO.dll V2.0.18.0
Dialog DLL:      TCM.DLL V1.14.6.0
 
<h2>Project:</h2>
D:\project\HKUST_RM2017_winter_chassis\user\Template.uvprojx
Project File Date:  01/16/2017

<h2>Output:</h2>
*** Using Compiler 'V5.06 update 1 (build 61)', folder: 'C:\Keil_v5\ARM\ARMCC\Bin'
Rebuild target 'HKUST_RM2017_Mainboard'
compiling stm32f4xx_it.c...
compiling system_stm32f4xx.c...
compiling main.c...
led.h(7): warning:  #1295-D: Deprecated declaration LED_master_init - give arg types
  void LED_master_init();
pwm.h(11): warning:  #1-D: last line of file ends without a newline
  void Friction_wheel_control2(u16 speed);
led.h(7): warning:  #1295-D: Deprecated declaration LED_master_init - give arg types
  void LED_master_init();
1.8 TFT_display.h(87): warning:  #1295-D: Deprecated declaration tft_brightness_check_menu - give arg types
  void tft_brightness_check_menu();
adc.h(35): warning:  #1295-D: Deprecated declaration get_mcu_temperature - give arg types
  float get_mcu_temperature();
gimbal.h(7): warning:  #1-D: last line of file ends without a newline
  void gimbal_yaw_pid(float target,float current);
pwm.h(11): warning:  #1-D: last line of file ends without a newline
  void Friction_wheel_control2(u16 speed);
led.h(7): warning:  #1295-D: Deprecated declaration LED_master_init - give arg types
  void LED_master_init();
pneumatic.h(3): warning:  #1295-D: Deprecated declaration pneumatic_init - give arg types
  void pneumatic_init();
pneumatic.h(4): warning:  #1-D: last line of file ends without a newline
  void pneumatic_control(u8 port, u8 state);
can.h(4): warning:  #1295-D: Deprecated declaration CAN1_Configuration - give arg types
  void CAN1_Configuration();
can.h(5): warning:  #1295-D: Deprecated declaration CAN2_Configuration - give arg types
  void CAN2_Configuration();
judge.h(33): warning:  #1-D: last line of file ends without a newline
  extern InfantryJudge_Struct InfantryJudge;
function_list.h(26): warning:  #1295-D: Deprecated declaration LED_master_init - give arg types
  void LED_master_init();
function_list.h(31): warning:  #1295-D: Deprecated declaration tft_update - give arg types
  void tft_update();
function_list.h(32): warning:  #1295-D: Deprecated declaration tft_clear - give arg types
  void tft_clear();
function_list.h(52): warning:  #1295-D: Deprecated declaration pneumatic_init - give arg types
  void pneumatic_init();
function_list.h(56): warning:  #1295-D: Deprecated declaration CAN1_Configuration - give arg types
  void CAN1_Configuration();
function_list.h(57): warning:  #1295-D: Deprecated declaration CAN2_Configuration - give arg types
  void CAN2_Configuration();
main.c(88): warning:  #1035-D: single-precision operand implicitly converted to double-precision
  				w +=(-(InfantryJudge.RealVoltage*InfantryJudge.RealCurrent - 80)*0.02);  //buffer=60J
main.c: 20 warnings, 0 errors
assembling startup_stm32f40_41xxx.s...
compiling misc.c...
compiling stm32f4xx_adc.c...
compiling stm32f4xx_can.c...
compiling stm32f4xx_crc.c...
compiling stm32f4xx_dma.c...
compiling stm32f4xx_flash.c...
compiling stm32f4xx_gpio.c...
compiling stm32f4xx_i2c.c...
compiling stm32f4xx_spi.c...
compiling stm32f4xx_syscfg.c...
compiling stm32f4xx_tim.c...
compiling stm32f4xx_usart.c...
compiling stm32f4xx_rcc.c...
compiling buzzer.c...
compiling gpio.c...
compiling ticks.c...
compiling pwm.c...
pwm.h(11): warning:  #1-D: last line of file ends without a newline
  void Friction_wheel_control2(u16 speed);
pwm.c: 1 warning, 0 errors
compiling timer.c...
timer.c(117): warning:  #1-D: last line of file ends without a newline
  */
timer.c: 1 warning, 0 errors
compiling button.c...
button.h(12): warning:  #1295-D: Deprecated declaration button_init - give arg types
  void button_init();
button.h(13): warning:  #1295-D: Deprecated declaration button_check - give arg types
  void button_check();
button.h(15): warning:  #1-D: last line of file ends without a newline
  #endif
button.c(31): warning:  #1-D: last line of file ends without a newline
  }
button.c: 4 warnings, 0 errors
compiling led.c...
led.h(7): warning:  #1295-D: Deprecated declaration LED_master_init - give arg types
  void LED_master_init();
led.c: 1 warning, 0 errors
compiling buzzer_song.c...
buzzer_song.c(7): warning:  #188-D: enumerated type mixed with another type
  const MUSIC_NOTE CLICK_RIGHT[] = {{1, 7}, {NOTE_END}};
buzzer_song.c(8): warning:  #188-D: enumerated type mixed with another type
  const MUSIC_NOTE CLICK_DOWN[] = {{2, 7}, {NOTE_END}};
buzzer_song.c(9): warning:  #188-D: enumerated type mixed with another type
  const MUSIC_NOTE CLICK_UP[] = {{3, 7}, {NOTE_END}};
buzzer_song.c(10): warning:  #188-D: enumerated type mixed with another type
  const MUSIC_NOTE CLICK_CENTER[] = {{4, 7}, {NOTE_END}};
buzzer_song.c(11): warning:  #188-D: enumerated type mixed with another type
  const MUSIC_NOTE CLICK_SMALL_BUTTON[] = {{5, 7}, {NOTE_END}};
buzzer_song.c(12): warning:  #188-D: enumerated type mixed with another type
  const MUSIC_NOTE CLICK_MUSIC[] = {{6,7} ,{NOTE_END}};
buzzer_song.c: 6 warnings, 0 errors
compiling flash.c...
compiling 1.8 TFT_display.c...
led.h(7): warning:  #1295-D: Deprecated declaration LED_master_init - give arg types
  void LED_master_init();
1.8 TFT_display.h(87): warning:  #1295-D: Deprecated declaration tft_brightness_check_menu - give arg types
  void tft_brightness_check_menu();
button.h(12): warning:  #1295-D: Deprecated declaration button_init - give arg types
  void button_init();
button.h(13): warning:  #1295-D: Deprecated declaration button_check - give arg types
  void button_check();
button.h(15): warning:  #1-D: last line of file ends without a newline
  #endif
compiling yaw_gyro.c...
led.h(7): warning:  #1295-D: Deprecated declaration LED_master_init - give arg types
  void LED_master_init();
1.8 tft_display.h(87): warning:  #1295-D: Deprecated declaration tft_brightness_check_menu - give arg types
  void tft_brightness_check_menu();
yaw_gyro.c: 2 warnings, 0 errors
compiling adc.c...
adc.h(35): warning:  #1295-D: Deprecated declaration get_mcu_temperature - give arg types
  float get_mcu_temperature();
led.h(7): warning:  #1295-D: Deprecated declaration LED_master_init - give arg types
  void LED_master_init();
1.8 TFT_display.h(87): warning:  #1295-D: Deprecated declaration tft_brightness_check_menu - give arg types
  void tft_brightness_check_menu();
adc.c: 3 warnings, 0 errors
compiling pneumatic.c...
pneumatic.h(3): warning:  #1295-D: Deprecated declaration pneumatic_init - give arg types
  void pneumatic_init();
pneumatic.h(4): warning:  #1-D: last line of file ends without a newline
  void pneumatic_control(u8 port, u8 state);
pneumatic.c(16): warning:  #188-D: enumerated type mixed with another type
  		case 1: {GPIO_WriteBit(
PIOC, 
PIO_Pin_6, state);break;}
pneumatic.c(17): warning:  #188-D: enumerated type mixed with another type
  		case 2:	{GPIO_WriteBit(
PIOC, 
PIO_Pin_7, state);break;}
pneumatic.c(18): warning:  #188-D: enumerated type mixed with another type
  		case 3:	{GPIO_WriteBit(
PIOC, 
PIO_Pin_8, state);break;}
pneumatic.c(19): warning:  #188-D: enumerated type mixed with another type
  		case 4:	{GPIO_WriteBit(
PIOC, 
PIO_Pin_9, state);break;}
pneumatic.c(21): warning:  #1-D: last line of file ends without a newline
  }
pneumatic.c: 7 warnings, 0 errors
compiling encoder.c...
compiling can1.c...
can.h(4): warning:  #1295-D: Deprecated declaration CAN1_Configuration - give arg types
  void CAN1_Configuration();
can.h(5): warning:  #1295-D: Deprecated declaration CAN2_Configuration - give arg types
  void CAN2_Configuration();
can.h(4): warning:  #1295-D: Deprecated declaration CAN1_Configuration - give arg types
  void CAN1_Configuration();
can.h(5): warning:  #1295-D: Deprecated declaration CAN2_Configuration - give arg types
  void CAN2_Configuration();
can1.c: 4 warnings, 0 errors
compiling can2.c...
can.h(4): warning:  #1295-D: Deprecated declaration CAN1_Configuration - give arg types
  void CAN1_Configuration();
can.h(5): warning:  #1295-D: Deprecated declaration CAN2_Configuration - give arg types
  void CAN2_Configuration();
can.h(4): warning:  #1295-D: Deprecated declaration CAN1_Configuration - give arg types
  void CAN1_Configuration();
can.h(5): warning:  #1295-D: Deprecated declaration CAN2_Configuration - give arg types
  void CAN2_Configuration();
can2.c: 4 warnings, 0 errors
compiling canBusProcess.c...
can.h(4): warning:  #1295-D: Deprecated declaration CAN1_Configuration - give arg types
  void CAN1_Configuration();
can.h(5): warning:  #1295-D: Deprecated declaration CAN2_Configuration - give arg types
  void CAN2_Configuration();
canBusProcess.c: 2 warnings, 0 errors
compiling judge.c...
judge.h(33): warning:  #1-D: last line of file ends without a newline
  extern InfantryJudge_Struct InfantryJudge;
judge.c: 1 warning, 0 errors
compiling Dbus.c...
Dbus.c(156): warning:  #1-D: last line of file ends without a newline
  }
Dbus.c: 1 warning, 0 errors
compiling base_pid.c...
can.h(4): warning:  #1295-D: Deprecated declaration CAN1_Configuration - give arg types
  void CAN1_Configuration();
can.h(5): warning:  #1295-D: Deprecated declaration CAN2_Configuration - give arg types
  void CAN2_Configuration();
base_pid.c(59): warning:  #223-D: function "abs" declared implicitly
  	if(abs(target_vel-current_vel[number])> current_accel)
base_pid.c(90): warning:  #1035-D: single-precision operand implicitly converted to double-precision
  	ch_target[0]=target_accel((((float)DBUS_ReceiveData.rc.ch0)+660*(DBUS_CheckPush(
EY_F)-DBUS_CheckPush(
EY_S)))*1.48*mul,0);//F=right S=left
base_pid.c(91): warning:  #1035-D: single-precision operand implicitly converted to double-precision
  	ch_target[1]=target_accel((((float)DBUS_ReceiveData.rc.ch1)+660*(DBUS_CheckPush(
EY_E)-DBUS_CheckPush(
EY_D)))*1.48*mul,1);//E=forward D=backward 
base_pid.c(92): warning:  #1035-D: single-precision operand implicitly converted to double-precision
  	ch_target[2]=target_accel(yaw_pid_output_angle*1.48*mul,2);
base_pid.c(124): warning:  #1035-D: single-precision operand implicitly converted to double-precision
  	power_temp_integral = power_temp_integral*0.7 + error;
base_pid.c: 7 warnings, 0 errors
compiling gimbal.c...
gimbal.h(7): warning:  #1-D: last line of file ends without a newline
  void gimbal_yaw_pid(float target,float current);
gimbal.c: 1 warning, 0 errors
linking...
Program Size: Code=36436 RO-data=2644 RW-data=12540 ZI-data=5044  
FromELF: creating hex file...
"..\OBJ\Template.axf" - 0 Error(s), 70 Warning(s).

<h2>Collection of Component include folders:</h2>
  D:\project\HKUST_RM2017_winter_chassis\user\RTE
  C:\Keil_v5\ARM\PACK\Keil\STM32F4xx_DFP\2.7.0\Drivers\CMSIS\Device\ST\STM32F4xx\Include

<h2>Collection of Component Files used:</h2>
Build Time Elapsed:  00:00:23
</pre>
</body>
</html>
