Component: ARM Compiler 5.06 update 1 (build 61) Tool: armlink [4d35a8]

==============================================================================

Section Cross References

    stm32f4xx_it.o(.text) refers to ticks.o(.text) for TimeTick_Decrement
    main.o(.text) refers to ticks.o(.text) for SysTick_Init
    main.o(.text) refers to dbus.o(.text) for Dbus_init
    main.o(.text) refers to 1.8 tft_display.o(.text) for tft_init
    main.o(.text) refers to led.o(.text) for LED_master_init
    main.o(.text) refers to yaw_gyro.o(.text) for gyro_init
    main.o(.text) refers to adc.o(.text) for ADC1_init
    main.o(.text) refers to judge.o(.text) for judging_system_init
    main.o(.text) refers to pneumatic.o(.text) for pneumatic_init
    main.o(.text) refers to can1.o(.text) for CAN1_Configuration
    main.o(.text) refers to can2.o(.text) for CAN2_Configuration
    main.o(.text) refers to encoder.o(.text) for Quad_Encoder_Configuration
    main.o(.text) refers to pwm.o(.text) for Friction_wheel_init
    main.o(.text) refers to base_pid.o(.text) for rc_target_motor
    main.o(.text) refers to canbusprocess.o(.text) for Set_CM_Speed
    main.o(.text) refers to dflt_clz.o(x$fpl$dflt) for __aeabi_i2d
    main.o(.text) refers to dmul.o(x$fpl$dmul) for __aeabi_dmul
    main.o(.text) refers to daddsub_clz.o(x$fpl$dadd) for __aeabi_dadd
    main.o(.text) refers to dfix.o(x$fpl$dfix) for __aeabi_d2iz
    main.o(.text) refers to f2d.o(x$fpl$f2d) for __aeabi_f2d
    main.o(.text) refers to d2f.o(x$fpl$d2f) for __aeabi_d2f
    main.o(.text) refers to main.o(.data) for ticks_msimg
    main.o(.text) refers to yaw_gyro.o(.data) for output_angle
    main.o(.text) refers to dbus.o(.bss) for DBUS_ReceiveData
    main.o(.text) refers to canbusprocess.o(.bss) for CM4Encoder
    main.o(.text) refers to base_pid.o(.data) for CM_target
    main.o(.text) refers to main.o(.bss) for motor
    main.o(.text) refers to judge.o(.bss) for InfantryJudge
    main.o(.text) refers to gpio.o(.constdata) for PB3
    system_stm32f4xx.o(.text) refers to system_stm32f4xx.o(.data) for SystemCoreClock
    startup_stm32f40_41xxx.o(STACK) refers (Special) to heapauxi.o(.text) for __use_two_region_memory
    startup_stm32f40_41xxx.o(HEAP) refers (Special) to heapauxi.o(.text) for __use_two_region_memory
    startup_stm32f40_41xxx.o(RESET) refers (Special) to heapauxi.o(.text) for __use_two_region_memory
    startup_stm32f40_41xxx.o(RESET) refers to startup_stm32f40_41xxx.o(STACK) for __initial_sp
    startup_stm32f40_41xxx.o(RESET) refers to startup_stm32f40_41xxx.o(.text) for Reset_Handler
    startup_stm32f40_41xxx.o(RESET) refers to stm32f4xx_it.o(.text) for NMI_Handler
    startup_stm32f40_41xxx.o(RESET) refers to can1.o(.text) for CAN1_TX_IRQHandler
    startup_stm32f40_41xxx.o(RESET) refers to dbus.o(.text) for USART1_IRQHandler
    startup_stm32f40_41xxx.o(RESET) refers to judge.o(.text) for USART3_IRQHandler
    startup_stm32f40_41xxx.o(RESET) refers to yaw_gyro.o(.text) for TIM5_IRQHandler
    startup_stm32f40_41xxx.o(RESET) refers to can2.o(.text) for CAN2_TX_IRQHandler
    startup_stm32f40_41xxx.o(.text) refers (Special) to heapauxi.o(.text) for __use_two_region_memory
    startup_stm32f40_41xxx.o(.text) refers to system_stm32f4xx.o(.text) for SystemInit
    startup_stm32f40_41xxx.o(.text) refers to __main.o(!!!main) for __main
    startup_stm32f40_41xxx.o(.text) refers to startup_stm32f40_41xxx.o(HEAP) for Heap_Mem
    startup_stm32f40_41xxx.o(.text) refers to startup_stm32f40_41xxx.o(STACK) for Stack_Mem
    stm32f4xx_adc.o(.text) refers to stm32f4xx_rcc.o(.text) for RCC_APB2PeriphResetCmd
    stm32f4xx_can.o(.text) refers to stm32f4xx_rcc.o(.text) for RCC_APB1PeriphResetCmd
    stm32f4xx_gpio.o(.text) refers to stm32f4xx_rcc.o(.text) for RCC_AHB1PeriphResetCmd
    stm32f4xx_i2c.o(.text) refers to stm32f4xx_rcc.o(.text) for RCC_APB1PeriphResetCmd
    stm32f4xx_spi.o(.text) refers to stm32f4xx_rcc.o(.text) for RCC_APB2PeriphResetCmd
    stm32f4xx_syscfg.o(.text) refers to stm32f4xx_rcc.o(.text) for RCC_APB2PeriphResetCmd
    stm32f4xx_tim.o(.text) refers to stm32f4xx_rcc.o(.text) for RCC_APB2PeriphResetCmd
    stm32f4xx_usart.o(.text) refers to stm32f4xx_rcc.o(.text) for RCC_APB2PeriphResetCmd
    stm32f4xx_rcc.o(.text) refers to stm32f4xx_rcc.o(.data) for APBAHBPrescTable
    buzzer.o(.text) refers to stm32f4xx_tim.o(.text) for TIM_SetCompare3
    buzzer.o(.text) refers to gpio.o(.text) for timer_gpio_init
    buzzer.o(.text) refers to timer.o(.text) for timer_init
    buzzer.o(.text) refers to buzzer.o(.bss) for NOTE0_PERIOD
    buzzer.o(.text) refers to buzzer.o(.data) for i
    buzzer.o(.text) refers to gpio.o(.constdata) for PB1
    buzzer.o(.text) refers to system_stm32f4xx.o(.data) for SystemCoreClock
    gpio.o(.text) refers to stm32f4xx_gpio.o(.text) for GPIO_PinAFConfig
    gpio.o(.text) refers to stm32f4xx_rcc.o(.text) for RCC_AHB1PeriphClockCmd
    gpio.o(.text) refers to gpio.o(.constdata) for PA15
[...]
    CAN_ClearITPendingBit                    0x080018ef   Thumb Code   162  stm32f4xx_can.o(.text)
    DMA_DeInit                               0x08001995   Thumb Code   324  stm32f4xx_dma.o(.text)
    DMA_Init                                 0x08001ad9   Thumb Code    82  stm32f4xx_dma.o(.text)
    DMA_StructInit                           0x08001b2b   Thumb Code    34  stm32f4xx_dma.o(.text)
    DMA_Cmd                                  0x08001b4d   Thumb Code    22  stm32f4xx_dma.o(.text)
    DMA_PeriphIncOffsetSizeConfig            0x08001b63   Thumb Code    22  stm32f4xx_dma.o(.text)
    DMA_FlowControllerConfig                 0x08001b79   Thumb Code    22  stm32f4xx_dma.o(.text)
    DMA_SetCurrDataCounter                   0x08001b8f   Thumb Code     4  stm32f4xx_dma.o(.text)
    DMA_GetCurrDataCounter                   0x08001b93   Thumb Code     8  stm32f4xx_dma.o(.text)
    DMA_DoubleBufferModeConfig               0x08001b9b   Thumb Code    24  stm32f4xx_dma.o(.text)
    DMA_DoubleBufferModeCmd                  0x08001bb3   Thumb Code    22  stm32f4xx_dma.o(.text)
    DMA_MemoryTargetConfig                   0x08001bc9   Thumb Code    10  stm32f4xx_dma.o(.text)
    DMA_GetCurrentMemoryTarget               0x08001bd3   Thumb Code    20  stm32f4xx_dma.o(.text)
    DMA_GetCmdStatus                         0x08001be7   Thumb Code    20  stm32f4xx_dma.o(.text)
    DMA_GetFIFOStatus                        0x08001bfb   Thumb Code    12  stm32f4xx_dma.o(.text)
    DMA_GetFlagStatus                        0x08001c07   Thumb Code    56  stm32f4xx_dma.o(.text)
    DMA_ClearFlag                            0x08001c3f   Thumb Code    40  stm32f4xx_dma.o(.text)
    DMA_ITConfig                             0x08001c67   Thumb Code    58  stm32f4xx_dma.o(.text)
    DMA_GetITStatus                          0x08001ca1   Thumb Code    84  stm32f4xx_dma.o(.text)
    DMA_ClearITPendingBit                    0x08001cf5   Thumb Code    40  stm32f4xx_dma.o(.text)
    GPIO_DeInit                              0x08001d3d   Thumb Code   268  stm32f4xx_gpio.o(.text)
    GPIO_Init                                0x08001e49   Thumb Code   144  stm32f4xx_gpio.o(.text)
    GPIO_StructInit                          0x08001ed9   Thumb Code    18  stm32f4xx_gpio.o(.text)
    GPIO_PinLockConfig                       0x08001eeb   Thumb Code    34  stm32f4xx_gpio.o(.text)
    GPIO_ReadInputDataBit                    0x08001f0d   Thumb Code    18  stm32f4xx_gpio.o(.text)
    GPIO_ReadInputData                       0x08001f1f   Thumb Code     8  stm32f4xx_gpio.o(.text)
    GPIO_ReadOutputDataBit                   0x08001f27   Thumb Code    18  stm32f4xx_gpio.o(.text)
    GPIO_ReadOutputData                      0x08001f39   Thumb Code     8  stm32f4xx_gpio.o(.text)
    GPIO_SetBits                             0x08001f41   Thumb Code     4  stm32f4xx_gpio.o(.text)
    GPIO_ResetBits                           0x08001f45   Thumb Code     4  stm32f4xx_gpio.o(.text)
    GPIO_WriteBit                            0x08001f49   Thumb Code    10  stm32f4xx_gpio.o(.text)
    GPIO_Write                               0x08001f53   Thumb Code     4  stm32f4xx_gpio.o(.text)
    GPIO_ToggleBits                          0x08001f57   Thumb Code     8  stm32f4xx_gpio.o(.text)
    GPIO_PinAFConfig                         0x08001f5f   Thumb Code    70  stm32f4xx_gpio.o(.text)
    SPI_I2S_DeInit                           0x08001fd1   Thumb Code   152  stm32f4xx_spi.o(.text)
    SPI_Init                                 0x08002069   Thumb Code    60  stm32f4xx_spi.o(.text)
    I2S_Init                                 0x080020a5   Thumb Code   396  stm32f4xx_spi.o(.text)
    SPI_StructInit                           0x08002231   Thumb Code    24  stm32f4xx_spi.o(.text)
    I2S_StructInit                           0x08002249   Thumb Code    20  stm32f4xx_spi.o(.text)
    SPI_Cmd                                  0x0800225d   Thumb Code    24  stm32f4xx_spi.o(.text)
    I2S_Cmd                                  0x08002275   Thumb Code    24  stm32f4xx_spi.o(.text)
    SPI_DataSizeConfig                       0x0800228d   Thumb Code    18  stm32f4xx_spi.o(.text)
    SPI_BiDirectionalLineConfig              0x0800229f   Thumb Code    28  stm32f4xx_spi.o(.text)
    SPI_NSSInternalSoftwareConfig            0x080022bb   Thumb Code    30  stm32f4xx_spi.o(.text)
    SPI_SSOutputCmd                          0x080022d9   Thumb Code    24  stm32f4xx_spi.o(.text)
    SPI_TIModeCmd                            0x080022f1   Thumb Code    24  stm32f4xx_spi.o(.text)
    I2S_FullDuplexConfig                     0x08002309   Thumb Code    80  stm32f4xx_spi.o(.text)
    SPI_I2S_ReceiveData                      0x08002359   Thumb Code     6  stm32f4xx_spi.o(.text)
    SPI_I2S_SendData                         0x0800235f   Thumb Code     4  stm32f4xx_spi.o(.text)
    SPI_CalculateCRC                         0x08002363   Thumb Code    24  stm32f4xx_spi.o(.text)
    SPI_TransmitCRC                          0x0800237b   Thumb Code    10  stm32f4xx_spi.o(.text)
    SPI_GetCRC                               0x08002385   Thumb Code    16  stm32f4xx_spi.o(.text)
    SPI_GetCRCPolynomial                     0x08002395   Thumb Code     6  stm32f4xx_spi.o(.text)
    SPI_I2S_DMACmd                           0x0800239b   Thumb Code    18  stm32f4xx_spi.o(.text)
    SPI_I2S_ITConfig                         0x080023ad   Thumb Code    68  stm32f4xx_spi.o(.text)
    SPI_I2S_GetFlagStatus                    0x080023f1   Thumb Code    18  stm32f4xx_spi.o(.text)
    SPI_I2S_ClearFlag                        0x08002403   Thumb Code     6  stm32f4xx_spi.o(.text)
    SPI_I2S_GetITStatus                      0x08002409   Thumb Code    52  stm32f4xx_spi.o(.text)
    SPI_I2S_ClearITPendingBit                0x0800243d   Thumb Code    20  stm32f4xx_spi.o(.text)
    TIM_DeInit                               0x08002451   Thumb Code   346  stm32f4xx_tim.o(.text)
    TIM_TimeBaseInit                         0x080025ab   Thumb Code   104  stm32f4xx_tim.o(.text)
    TIM_TimeBaseStructInit                   0x08002613   Thumb Code    18  stm32f4xx_tim.o(.text)
    TIM_PrescalerConfig                      0x08002625   Thumb Code     6  stm32f4xx_tim.o(.text)
    TIM_CounterModeConfig                    0x0800262b   Thumb Code    18  stm32f4xx_tim.o(.text)
    TIM_SetCounter                           0x0800263d   Thumb Code     4  stm32f4xx_tim.o(.text)
    TIM_SetAutoreload                        0x08002641   Thumb Code     4  stm32f4xx_tim.o(.text)
    TIM_GetCounter                           0x08002645   Thumb Code     6  stm32f4xx_tim.o(.text)
    TIM_GetPrescaler                         0x0800264b   Thumb Code     6  stm32f4xx_tim.o(.text)
    TIM_UpdateDisableConfig                  0x08002651   Thumb Code    24  stm32f4xx_tim.o(.text)
    TIM_UpdateRequestConfig                  0x08002669   Thumb Code    24  stm32f4xx_tim.o(.text)
    TIM_ARRPreloadConfig                     0x08002681   Thumb Code    24  stm32f4xx_tim.o(.text)
    TIM_SelectOnePulseMode                   0x08002699   Thumb Code    18  stm32f4xx_tim.o(.text)
    TIM_SetClockDivision                     0x080026ab   Thumb Code    18  stm32f4xx_tim.o(.text)
    TIM_Cmd                                  0x080026bd   Thumb Code    24  stm32f4xx_tim.o(.text)
    TIM_OC1Init                              0x080026d5   Thumb Code   114  stm32f4xx_tim.o(.text)
    TIM_OC2Init                              0x08002747   Thumb Code   154  stm32f4xx_tim.o(.text)
    TIM_OC3Init                              0x080027e1   Thumb Code   204  stm32f4xx_tim.o(.text)
    TIM_OC4Init                              0x080028ad   Thumb Code   112  stm32f4xx_tim.o(.text)
    TIM_OCStructInit                         0x0800291d   Thumb Code    20  stm32f4xx_tim.o(.text)
    TIM_SelectOCxM                           0x08002931   Thumb Code    86  stm32f4xx_tim.o(.text)
    TIM_SetCompare1                          0x08002987   Thumb Code     4  stm32f4xx_tim.o(.text)
    TIM_SetCompare2                          0x0800298b   Thumb Code     4  stm32f4xx_tim.o(.text)
    TIM_SetCompare3                          0x0800298f   Thumb Code     4  stm32f4xx_tim.o(.text)
    TIM_SetCompare4                          0x08002993   Thumb Code     4  stm32f4xx_tim.o(.text)
    TIM_ForcedOC1Config                      0x08002997   Thumb Code    18  stm32f4xx_tim.o(.text)
    TIM_ForcedOC2Config                      0x080029a9   Thumb Code    26  stm32f4xx_tim.o(.text)
    TIM_ForcedOC3Config                      0x080029c3   Thumb Code    18  stm32f4xx_tim.o(.text)
    TIM_ForcedOC4Config                      0x080029d5   Thumb Code    26  stm32f4xx_tim.o(.text)
    TIM_OC1PreloadConfig                     0x080029ef   Thumb Code    18  stm32f4xx_tim.o(.text)
    TIM_OC2PreloadConfig                     0x08002a01   Thumb Code    26  stm32f4xx_tim.o(.text)
    TIM_OC3PreloadConfig                     0x08002a1b   Thumb Code    18  stm32f4xx_tim.o(.text)
    TIM_OC4PreloadConfig                     0x08002a2d   Thumb Code    26  stm32f4xx_tim.o(.text)
    TIM_OC1FastConfig                        0x08002a47   Thumb Code    18  stm32f4xx_tim.o(.text)
    TIM_OC2FastConfig                        0x08002a59   Thumb Code    26  stm32f4xx_tim.o(.text)
    TIM_OC3FastConfig                        0x08002a73   Thumb Code    18  stm32f4xx_tim.o(.text)
    TIM_OC4FastConfig                        0x08002a85   Thumb Code    26  stm32f4xx_tim.o(.text)
    TIM_ClearOC1Ref                          0x08002a9f   Thumb Code    18  stm32f4xx_tim.o(.text)
    TIM_ClearOC2Ref                          0x08002ab1   Thumb Code    24  stm32f4xx_tim.o(.text)
    TIM_ClearOC3Ref                          0x08002ac9   Thumb Code    18  stm32f4xx_tim.o(.text)
    TIM_ClearOC4Ref                          0x08002adb   Thumb Code    24  stm32f4xx_tim.o(.text)
    TIM_OC1PolarityConfig                    0x08002af3   Thumb Code    18  stm32f4xx_tim.o(.text)
    TIM_OC1NPolarityConfig                   0x08002b05   Thumb Code    18  stm32f4xx_tim.o(.text)
    TIM_OC2PolarityConfig                    0x08002b17   Thumb Code    26  stm32f4xx_tim.o(.text)
    TIM_OC2NPolarityConfig                   0x08002b31   Thumb Code    26  stm32f4xx_tim.o(.text)
    TIM_OC3PolarityConfig                    0x08002b4b   Thumb Code    26  stm32f4xx_tim.o(.text)
    TIM_OC3NPolarityConfig                   0x08002b65   Thumb Code    26  stm32f4xx_tim.o(.text)
    TIM_OC4PolarityConfig                    0x08002b7f   Thumb Code    26  stm32f4xx_tim.o(.text)
    TIM_CCxCmd                               0x08002b99   Thumb Code    30  stm32f4xx_tim.o(.text)
    TIM_CCxNCmd                              0x08002bb7   Thumb Code    30  stm32f4xx_tim.o(.text)
    TIM_SetIC4Prescaler                      0x08002bd5   Thumb Code    26  stm32f4xx_tim.o(.text)
    TIM_SetIC3Prescaler                      0x08002c3f   Thumb Code    18  stm32f4xx_tim.o(.text)
    TIM_SetIC2Prescaler                      0x08002c99   Thumb Code    26  stm32f4xx_tim.o(.text)
    TIM_SetIC1Prescaler                      0x08002d0d   Thumb Code    18  stm32f4xx_tim.o(.text)
    TIM_ICInit                               0x08002d59   Thumb Code   110  stm32f4xx_tim.o(.text)
    TIM_ICStructInit                         0x08002dc7   Thumb Code    18  stm32f4xx_tim.o(.text)
    TIM_PWMIConfig                           0x08002dd9   Thumb Code   124  stm32f4xx_tim.o(.text)
    TIM_GetCapture1                          0x08002e55   Thumb Code     6  stm32f4xx_tim.o(.text)
    TIM_GetCapture2                          0x08002e5b   Thumb Code     6  stm32f4xx_tim.o(.text)
    TIM_GetCapture3                          0x08002e61   Thumb Code     6  stm32f4xx_tim.o(.text)
    TIM_GetCapture4                          0x08002e67   Thumb Code     6  stm32f4xx_tim.o(.text)
    TIM_BDTRConfig                           0x08002e6d   Thumb Code    32  stm32f4xx_tim.o(.text)
    TIM_BDTRStructInit                       0x08002e8d   Thumb Code    18  stm32f4xx_tim.o(.text)
    TIM_CtrlPWMOutputs                       0x08002e9f   Thumb Code    30  stm32f4xx_tim.o(.text)
    TIM_SelectCOM                            0x08002ebd   Thumb Code    24  stm32f4xx_tim.o(.text)
    TIM_CCPreloadControl                     0x08002ed5   Thumb Code    24  stm32f4xx_tim.o(.text)
    TIM_ITConfig                             0x08002eed   Thumb Code    18  stm32f4xx_tim.o(.text)
    TIM_GenerateEvent                        0x08002eff   Thumb Code     4  stm32f4xx_tim.o(.text)
    TIM_GetFlagStatus                        0x08002f03   Thumb Code    18  stm32f4xx_tim.o(.text)
    TIM_ClearFlag                            0x08002f15   Thumb Code     6  stm32f4xx_tim.o(.text)
    TIM_GetITStatus                          0x08002f1b   Thumb Code    34  stm32f4xx_tim.o(.text)
    TIM_ClearITPendingBit                    0x08002f3d   Thumb Code     6  stm32f4xx_tim.o(.text)
    TIM_DMAConfig                            0x08002f43   Thumb Code    10  stm32f4xx_tim.o(.text)
    TIM_DMACmd                               0x08002f4d   Thumb Code    18  stm32f4xx_tim.o(.text)
    TIM_SelectCCDMA                          0x08002f5f   Thumb Code    24  stm32f4xx_tim.o(.text)
    TIM_InternalClockConfig                  0x08002f77   Thumb Code    12  stm32f4xx_tim.o(.text)
    TIM_SelectInputTrigger                   0x08002f83   Thumb Code    18  stm32f4xx_tim.o(.text)
    TIM_ITRxExternalClockConfig              0x08002f95   Thumb Code    24  stm32f4xx_tim.o(.text)
    TIM_TIxExternalClockConfig               0x08002fad   Thumb Code    62  stm32f4xx_tim.o(.text)
    TIM_ETRConfig                            0x08002feb   Thumb Code    28  stm32f4xx_tim.o(.text)
    TIM_ETRClockMode1Config                  0x08003007   Thumb Code    54  stm32f4xx_tim.o(.text)
    TIM_ETRClockMode2Config                  0x0800303d   Thumb Code    32  stm32f4xx_tim.o(.text)
    TIM_SelectOutputTrigger                  0x0800305d   Thumb Code    18  stm32f4xx_tim.o(.text)
    TIM_SelectSlaveMode                      0x0800306f   Thumb Code    18  stm32f4xx_tim.o(.text)
    TIM_SelectMasterSlaveMode                0x08003081   Thumb Code    18  stm32f4xx_tim.o(.text)
    TIM_EncoderInterfaceConfig               0x08003093   Thumb Code    66  stm32f4xx_tim.o(.text)
    TIM_SelectHallSensor                     0x080030d5   Thumb Code    24  stm32f4xx_tim.o(.text)
    TIM_RemapConfig                          0x080030ed   Thumb Code     6  stm32f4xx_tim.o(.text)
    USART_DeInit                             0x080030f5   Thumb Code   206  stm32f4xx_usart.o(.text)
    USART_Init                               0x080031c3   Thumb Code   204  stm32f4xx_usart.o(.text)
    USART_StructInit                         0x0800328f   Thumb Code    24  stm32f4xx_usart.o(.text)
    USART_ClockInit                          0x080032a7   Thumb Code    32  stm32f4xx_usart.o(.text)
    USART_ClockStructInit                    0x080032c7   Thumb Code    12  stm32f4xx_usart.o(.text)
    USART_Cmd                                0x080032d3   Thumb Code    24  stm32f4xx_usart.o(.text)
    USART_SetPrescaler                       0x080032eb   Thumb Code    16  stm32f4xx_usart.o(.text)
    USART_OverSampling8Cmd                   0x080032fb   Thumb Code    22  stm32f4xx_usart.o(.text)
    USART_OneBitMethodCmd                    0x08003311   Thumb Code    24  stm32f4xx_usart.o(.text)
    USART_SendData                           0x08003329   Thumb Code     8  stm32f4xx_usart.o(.text)
    USART_ReceiveData                        0x08003331   Thumb Code    10  stm32f4xx_usart.o(.text)
    USART_SetAddress                         0x0800333b   Thumb Code    18  stm32f4xx_usart.o(.text)
    USART_ReceiverWakeUpCmd                  0x0800334d   Thumb Code    24  stm32f4xx_usart.o(.text)
    USART_WakeUpConfig                       0x08003365   Thumb Code    18  stm32f4xx_usart.o(.text)
    USART_LINBreakDetectLengthConfig         0x08003377   Thumb Code    18  stm32f4xx_usart.o(.text)
    USART_LINCmd                             0x08003389   Thumb Code    24  stm32f4xx_usart.o(.text)
    USART_SendBreak                          0x080033a1   Thumb Code    10  stm32f4xx_usart.o(.text)
    USART_HalfDuplexCmd                      0x080033ab   Thumb Code    24  stm32f4xx_usart.o(.text)
    USART_SetGuardTime                       0x080033c3   Thumb Code    16  stm32f4xx_usart.o(.text)
    USART_SmartCardCmd                       0x080033d3   Thumb Code    24  stm32f4xx_usart.o(.text)
    USART_SmartCardNACKCmd                   0x080033eb   Thumb Code    24  stm32f4xx_usart.o(.text)
    USART_IrDAConfig                         0x08003403   Thumb Code    18  stm32f4xx_usart.o(.text)
    USART_IrDACmd                            0x08003415   Thumb Code    24  stm32f4xx_usart.o(.text)
    USART_DMACmd                             0x0800342d   Thumb Code    18  stm32f4xx_usart.o(.text)
    USART_ITConfig                           0x0800343f   Thumb Code    74  stm32f4xx_usart.o(.text)
    USART_GetFlagStatus                      0x08003489   Thumb Code    26  stm32f4xx_usart.o(.text)
    USART_ClearFlag                          0x080034a3   Thumb Code    18  stm32f4xx_usart.o(.text)
    USART_GetITStatus                        0x080034b5   Thumb Code   118  stm32f4xx_usart.o(.text)
    USART_ClearITPendingBit                  0x0800352b   Thumb Code    30  stm32f4xx_usart.o(.text)
    RCC_DeInit                               0x08003549   Thumb Code    82  stm32f4xx_rcc.o(.text)
    RCC_HSEConfig                            0x0800359b   Thumb Code    14  stm32f4xx_rcc.o(.text)
    RCC_GetFlagStatus                        0x080035a9   Thumb Code    60  stm32f4xx_rcc.o(.text)
    RCC_WaitForHSEStartUp                    0x080035e5   Thumb Code    56  stm32f4xx_rcc.o(.text)
    RCC_AdjustHSICalibrationValue            0x0800361d   Thumb Code    20  stm32f4xx_rcc.o(.text)
    RCC_HSICmd                               0x08003631   Thumb Code     6  stm32f4xx_rcc.o(.text)
    RCC_LSEConfig                            0x08003637   Thumb Code    46  stm32f4xx_rcc.o(.text)
    RCC_LSICmd                               0x08003665   Thumb Code     6  stm32f4xx_rcc.o(.text)
    RCC_PLLConfig                            0x0800366b   Thumb Code    32  stm32f4xx_rcc.o(.text)
    RCC_PLLCmd                               0x0800368b   Thumb Code     6  stm32f4xx_rcc.o(.text)
    RCC_PLLI2SConfig                         0x08003691   Thumb Code    14  stm32f4xx_rcc.o(.text)
    RCC_PLLI2SCmd                            0x0800369f   Thumb Code     6  stm32f4xx_rcc.o(.text)
    RCC_PLLSAIConfig                         0x080036a5   Thumb Code    20  stm32f4xx_rcc.o(.text)
    RCC_PLLSAICmd                            0x080036b9   Thumb Code     6  stm32f4xx_rcc.o(.text)
    RCC_ClockSecuritySystemCmd               0x080036bf   Thumb Code     6  stm32f4xx_rcc.o(.text)
    RCC_MCO1Config                           0x080036c5   Thumb Code    28  stm32f4xx_rcc.o(.text)
    RCC_MCO2Config                           0x080036e1   Thumb Code    28  stm32f4xx_rcc.o(.text)
    RCC_SYSCLKConfig                         0x080036fd   Thumb Code    20  stm32f4xx_rcc.o(.text)
    RCC_GetSYSCLKSource                      0x08003711   Thumb Code    12  stm32f4xx_rcc.o(.text)
    RCC_HCLKConfig                           0x0800371d   Thumb Code    20  stm32f4xx_rcc.o(.text)
    RCC_PCLK1Config                          0x08003731   Thumb Code    20  stm32f4xx_rcc.o(.text)
    RCC_PCLK2Config                          0x08003745   Thumb Code    22  stm32f4xx_rcc.o(.text)
    RCC_GetClocksFreq                        0x0800375b   Thumb Code   222  stm32f4xx_rcc.o(.text)
    RCC_RTCCLKConfig                         0x08003839   Thumb Code    54  stm32f4xx_rcc.o(.text)
    RCC_RTCCLKCmd                            0x0800386f   Thumb Code     8  stm32f4xx_rcc.o(.text)
    RCC_BackupResetCmd                       0x08003877   Thumb Code     8  stm32f4xx_rcc.o(.text)
    RCC_I2SCLKConfig                         0x0800387f   Thumb Code     6  stm32f4xx_rcc.o(.text)
    RCC_SAIPLLI2SClkDivConfig                0x08003885   Thumb Code    26  stm32f4xx_rcc.o(.text)
    RCC_SAIPLLSAIClkDivConfig                0x0800389f   Thumb Code    28  stm32f4xx_rcc.o(.text)
    RCC_SAIBlockACLKConfig                   0x080038bb   Thumb Code    20  stm32f4xx_rcc.o(.text)
    RCC_SAIBlockBCLKConfig                   0x080038cf   Thumb Code    20  stm32f4xx_rcc.o(.text)
    RCC_LTDCCLKDivConfig                     0x080038e3   Thumb Code    20  stm32f4xx_rcc.o(.text)
    RCC_TIMCLKPresConfig                     0x080038f7   Thumb Code     6  stm32f4xx_rcc.o(.text)
    RCC_AHB1PeriphClockCmd                   0x080038fd   Thumb Code    34  stm32f4xx_rcc.o(.text)
    RCC_AHB2PeriphClockCmd                   0x0800391f   Thumb Code    78  stm32f4xx_rcc.o(.text)
    RCC_AHB3PeriphClockCmd                   0x0800396d   Thumb Code    34  stm32f4xx_rcc.o(.text)
    RCC_APB1PeriphClockCmd                   0x0800398f   Thumb Code    34  stm32f4xx_rcc.o(.text)
    RCC_APB2PeriphClockCmd                   0x080039b1   Thumb Code    34  stm32f4xx_rcc.o(.text)
    RCC_AHB1PeriphResetCmd                   0x080039d3   Thumb Code    34  stm32f4xx_rcc.o(.text)
    RCC_AHB2PeriphResetCmd                   0x080039f5   Thumb Code    34  stm32f4xx_rcc.o(.text)
    RCC_AHB3PeriphResetCmd                   0x08003a17   Thumb Code    34  stm32f4xx_rcc.o(.text)
    RCC_APB1PeriphResetCmd                   0x08003a39   Thumb Code    34  stm32f4xx_rcc.o(.text)
    RCC_APB2PeriphResetCmd                   0x08003a5b   Thumb Code    34  stm32f4xx_rcc.o(.text)
    RCC_AHB1PeriphClockLPModeCmd             0x08003a7d   Thumb Code    34  stm32f4xx_rcc.o(.text)
    RCC_AHB2PeriphClockLPModeCmd             0x08003a9f   Thumb Code    34  stm32f4xx_rcc.o(.text)
    RCC_AHB3PeriphClockLPModeCmd             0x08003ac1   Thumb Code    34  stm32f4xx_rcc.o(.text)
    RCC_APB1PeriphClockLPModeCmd             0x08003ae3   Thumb Code    34  stm32f4xx_rcc.o(.text)
    RCC_APB2PeriphClockLPModeCmd             0x08003b05   Thumb Code    34  stm32f4xx_rcc.o(.text)
    RCC_LSEModeConfig                        0x08003b27   Thumb Code    40  stm32f4xx_rcc.o(.text)
    RCC_ITConfig                             0x08003b4f   Thumb Code    34  stm32f4xx_rcc.o(.text)
    RCC_ClearFlag                            0x08003b71   Thumb Code    18  stm32f4xx_rcc.o(.text)
    RCC_GetITStatus                          0x08003b83   Thumb Code    22  stm32f4xx_rcc.o(.text)
    RCC_ClearITPendingBit                    0x08003b99   Thumb Code     8  stm32f4xx_rcc.o(.text)
    AF_config                                0x08003ba5   Thumb Code   280  gpio.o(.text)
    gpio_rcc_init                            0x08003cbd   Thumb Code   156  gpio.o(.text)
    gpio_init                                0x08003d59   Thumb Code    54  gpio.o(.text)
    timer_gpio_init                          0x08003d8f   Thumb Code    48  gpio.o(.text)
    BUTTON_init                              0x08003dbf   Thumb Code    44  gpio.o(.text)
    LED_init                                 0x08003deb   Thumb Code    78  gpio.o(.text)
    gpio_read_input                          0x08003e39   Thumb Code    14  gpio.o(.text)
    gpio_write                               0x08003e47   Thumb Code    18  gpio.o(.text)
    SysTick_Init                             0x08003e61   Thumb Code    90  ticks.o(.text)
    TimeTick_Decrement                       0x08003ebb   Thumb Code    18  ticks.o(.text)
    TimeTick_Increment                       0x08003ecd   Thumb Code    30  ticks.o(.text)
    get_ms_ticks                             0x08003eeb   Thumb Code     6  ticks.o(.text)
    delay_1ms                                0x08003ef1   Thumb Code    18  ticks.o(.text)
    delay_nms                                0x08003f03   Thumb Code    16  ticks.o(.text)
    Brush_motor_pwm_dir_init                 0x08003f2d   Thumb Code   106  pwm.o(.text)
    Brush_motor_control1                     0x08003f97   Thumb Code    42  pwm.o(.text)
    Brush_motor_control2                     0x08003fc1   Thumb Code    42  pwm.o(.text)
    Friction_wheel_init                      0x08003feb   Thumb Code   116  pwm.o(.text)
    Friction_wheel_control1                  0x0800405f   Thumb Code    14  pwm.o(.text)
    Friction_wheel_control2                  0x0800406d   Thumb Code    14  pwm.o(.text)
    Friction_wheel_control3                  0x0800407b   Thumb Code    14  pwm.o(.text)
    timer_rcc_init                           0x080040ad   Thumb Code   228  timer.o(.text)
    timer_init                               0x08004191   Thumb Code    54  timer.o(.text)
    pwm_timer_init                           0x080041c7   Thumb Code   178  timer.o(.text)
    LED_master_init                          0x080042ad   Thumb Code    10  led.o(.text)
    LED_control                              0x080042b7   Thumb Code    30  led.o(.text)
    LED_blink                                0x080042d5   Thumb Code    50  led.o(.text)
    tft_spi_init                             0x08004311   Thumb Code   178  1.8 tft_display.o(.text)
    tft_write_command                        0x080043c3   Thumb Code    72  1.8 tft_display.o(.text)
    tft_write_data                           0x0800440b   Thumb Code    72  1.8 tft_display.o(.text)
    tft_config                               0x08004453   Thumb Code   514  1.8 tft_display.o(.text)
    tft_reset                                0x08004655   Thumb Code    32  1.8 tft_display.o(.text)
    tft_fill_color                           0x08004675   Thumb Code    98  1.8 tft_display.o(.text)
    tft_set_special_color                    0x080046d7   Thumb Code     6  1.8 tft_display.o(.text)
    tft_set_text_color                       0x080046dd   Thumb Code     6  1.8 tft_display.o(.text)
    tft_set_bg_color                         0x080046e3   Thumb Code     6  1.8 tft_display.o(.text)
    tft_init                                 0x080046e9   Thumb Code   214  1.8 tft_display.o(.text)
    tft_enable                               0x080047bf   Thumb Code     8  1.8 tft_display.o(.text)
    tft_disable                              0x080047c7   Thumb Code     8  1.8 tft_display.o(.text)
    tft_get_bg_color                         0x080047cf   Thumb Code     6  1.8 tft_display.o(.text)
    tft_get_text_color                       0x080047d5   Thumb Code     6  1.8 tft_display.o(.text)
    tft_get_special_text_color               0x080047db   Thumb Code     6  1.8 tft_display.o(.text)
    tft_get_orientation                      0x080047e1   Thumb Code     6  1.8 tft_display.o(.text)
    tft_force_clear                          0x080047e7   Thumb Code    86  1.8 tft_display.o(.text)
    tft_set_orientation                      0x0800483d   Thumb Code    28  1.8 tft_display.o(.text)
    tft_get_max_x_char                       0x08004859   Thumb Code    24  1.8 tft_display.o(.text)
    tft_get_max_y_char                       0x08004871   Thumb Code    24  1.8 tft_display.o(.text)
    tft_set_pixel_pos                        0x08004889   Thumb Code    78  1.8 tft_display.o(.text)
    tft_set_char_pos                         0x080048d7   Thumb Code    82  1.8 tft_display.o(.text)
    tft_clear_line                           0x08004929   Thumb Code    68  1.8 tft_display.o(.text)
    tft_clear                                0x0800496d   Thumb Code    22  1.8 tft_display.o(.text)
    tft_toggle                               0x08004983   Thumb Code    34  1.8 tft_display.o(.text)
    tft_put_pixel                            0x080049a5   Thumb Code   100  1.8 tft_display.o(.text)
    tft_char_is_changed                      0x08004a09   Thumb Code   186  1.8 tft_display.o(.text)
    tft_prints                               0x08004ac3   Thumb Code   268  1.8 tft_display.o(.text)
    tft_update                               0x08004bcf   Thumb Code  1454  1.8 tft_display.o(.text)
    gyro_spi_init                            0x0800518d   Thumb Code   306  yaw_gyro.o(.text)
    gyro_chip_deselect                       0x080052bf   Thumb Code    12  yaw_gyro.o(.text)
    gyro_chip_select                         0x080052cb   Thumb Code    12  yaw_gyro.o(.text)
    spi_frame                                0x080052d7   Thumb Code    72  yaw_gyro.o(.text)
    adis_write                               0x0800531f   Thumb Code    50  yaw_gyro.o(.text)
    adis_read                                0x08005351   Thumb Code    34  yaw_gyro.o(.text)
    gyro_init                                0x08005373   Thumb Code    68  yaw_gyro.o(.text)
    gyro_get_vel                             0x080053b7   Thumb Code    40  yaw_gyro.o(.text)
    gyro_cal                                 0x080053df   Thumb Code   116  yaw_gyro.o(.text)
    Abs                                      0x08005453   Thumb Code    14  yaw_gyro.o(.text)
    gyro_get_off                             0x08005461   Thumb Code    40  yaw_gyro.o(.text)
    gyro_cal_short                           0x08005489   Thumb Code   140  yaw_gyro.o(.text)
    gyro_get_angle                           0x08005515   Thumb Code    18  yaw_gyro.o(.text)
    gyro_update                              0x08005527   Thumb Code   434  yaw_gyro.o(.text)
    get_angle                                0x080056d9   Thumb Code     8  yaw_gyro.o(.text)
    gyro_get_flash                           0x080056e1   Thumb Code    16  yaw_gyro.o(.text)
    gyro_get_power                           0x080056f1   Thumb Code    30  yaw_gyro.o(.text)
    gyro_get_adc                             0x0800570f   Thumb Code    30  yaw_gyro.o(.text)
    gyro_get_temp                            0x0800572d   Thumb Code    30  yaw_gyro.o(.text)
    set_angle                                0x0800574b   Thumb Code    18  yaw_gyro.o(.text)
    TIM5_Int_Init                            0x0800575d   Thumb Code   104  yaw_gyro.o(.text)
    yaw_axis_pid_cal                         0x080057c5   Thumb Code   166  yaw_gyro.o(.text)
    TIM5_IRQHandler                          0x0800586b   Thumb Code   158  yaw_gyro.o(.text)
    ADC1_init                                0x0800596d   Thumb Code   254  adc.o(.text)
    ADC_raw_data                             0x08005a6b   Thumb Code    12  adc.o(.text)
    get_5v                                   0x08005a77   Thumb Code    30  adc.o(.text)
    get_mcu_temperature                      0x08005a95   Thumb Code     6  adc.o(.text)
    Quad_Encoder_Configuration               0x08005ab5   Thumb Code   178  encoder.o(.text)
    Encoder_Start1                           0x08005b67   Thumb Code    12  encoder.o(.text)
    Encoder_Start2                           0x08005b73   Thumb Code    12  encoder.o(.text)
    GetQuadEncoderDiff1                      0x08005b7f   Thumb Code    40  encoder.o(.text)
    GetQuadEncoderDiff2                      0x08005ba7   Thumb Code    40  encoder.o(.text)
    pneumatic_init                           0x08005be5   Thumb Code    28  pneumatic.o(.text)
    pneumatic_control                        0x08005c01   Thumb Code    80  pneumatic.o(.text)
    CAN1_Configuration                       0x08005c65   Thumb Code   262  can1.o(.text)
    CAN1_TX_IRQHandler                       0x08005d6b   Thumb Code    22  can1.o(.text)
    CAN1_RX0_IRQHandler                      0x08005d81   Thumb Code    44  can1.o(.text)
    CAN2_Configuration                       0x08005db9   Thumb Code   264  can2.o(.text)
    CAN2_TX_IRQHandler                       0x08005ec1   Thumb Code    22  can2.o(.text)
    CAN2_RX0_IRQHandler                      0x08005ed7   Thumb Code    42  can2.o(.text)
    GetEncoderBias                           0x08005f09   Thumb Code    26  canbusprocess.o(.text)
    EncoderProcess                           0x08005f23   Thumb Code   212  canbusprocess.o(.text)
    CanReceiveMsgProcess                     0x08005ff7   Thumb Code   218  canbusprocess.o(.text)
    Set_CM_Speed                             0x080060d1   Thumb Code    92  canbusprocess.o(.text)
    Set_Gimbal_Current                       0x0800612d   Thumb Code    92  canbusprocess.o(.text)
    Dbus_init                                0x080061b5   Thumb Code   268  dbus.o(.text)
    DBUS_DataDecoding                        0x080062c1   Thumb Code   266  dbus.o(.text)
    DBUS_CheckPush                           0x080063cb   Thumb Code    26  dbus.o(.text)
    USART1_IRQHandler                        0x080063e5   Thumb Code    76  dbus.o(.text)
    judging_system_init                      0x08006455   Thumb Code   260  judge.o(.text)
    Get_CRC8_Check_Sum                       0x08006559   Thumb Code    30  judge.o(.text)
    Verify_CRC8_Check_Sum                    0x08006577   Thumb Code    46  judge.o(.text)
    Append_CRC8_Check_Sum                    0x080065a5   Thumb Code    36  judge.o(.text)
    Get_CRC16_Check_Sum                      0x080065c9   Thumb Code    46  judge.o(.text)
    Verify_CRC16_Check_Sum                   0x080065f7   Thumb Code    60  judge.o(.text)
    Append_CRC16_Check_Sum                   0x08006633   Thumb Code    44  judge.o(.text)
    Judge_InitConfig                         0x0800665f   Thumb Code    38  judge.o(.text)
    USART3_IRQHandler                        0x08006685   Thumb Code   308  judge.o(.text)
    base_pid_cal                             0x080067f1   Thumb Code   214  base_pid.o(.text)
    target_accel                             0x080068c7   Thumb Code   128  base_pid.o(.text)
    rc_target_motor                          0x08006947   Thumb Code   438  base_pid.o(.text)
    power_pid                                0x08006afd   Thumb Code   320  base_pid.o(.text)
    vsprintf                                 0x08006c3d   Thumb Code    32  vsprintf.o(.text)
    __aeabi_memcpy                           0x08006c61   Thumb Code     0  rt_memcpy_v6.o(.text)
    __rt_memcpy                              0x08006c61   Thumb Code   138  rt_memcpy_v6.o(.text)
    _memcpy_lastbytes                        0x08006cc7   Thumb Code     0  rt_memcpy_v6.o(.text)
    __use_two_region_memory                  0x08006ceb   Thumb Code     2  heapauxi.o(.text)
    __rt_heap_escrow$2region                 0x08006ced   Thumb Code     2  heapauxi.o(.text)
    __rt_heap_expand$2region                 0x08006cef   Thumb Code     2  heapauxi.o(.text)
    _printf_pre_padding                      0x08006cf1   Thumb Code    44  _printf_pad.o(.text)
    _printf_post_padding                     0x08006d1d   Thumb Code    34  _printf_pad.o(.text)
    _printf_truncate_signed                  0x08006d3f   Thumb Code    18  _printf_truncate.o(.text)
    _printf_truncate_unsigned                0x08006d51   Thumb Code    18  _printf_truncate.o(.text)
    _printf_str                              0x08006d63   Thumb Code    82  _printf_str.o(.text)
    _printf_int_dec                          0x08006db5   Thumb Code   104  _printf_dec.o(.text)
    _printf_charcount                        0x08006e2d   Thumb Code    40  _printf_charcount.o(.text)
    _printf_char_common                      0x08006e5f   Thumb Code    32  _printf_char_common.o(.text)
    _sputc                                   0x08006e85   Thumb Code    10  _sputc.o(.text)
    _printf_wctomb                           0x08006e91   Thumb Code   182  _printf_wctomb.o(.text)
    _printf_longlong_dec                     0x08006f4d   Thumb Code   108  _printf_longlong_dec.o(.text)
    _printf_longlong_oct                     0x08006fc9   Thumb Code    68  _printf_oct_int_ll.o(.text)
    _printf_int_oct                          0x0800700d   Thumb Code    24  _printf_oct_int_ll.o(.text)
    _printf_ll_oct                           0x08007025   Thumb Code    12  _printf_oct_int_ll.o(.text)
    _printf_longlong_hex                     0x08007039   Thumb Code    86  _printf_hex_int_ll_ptr.o(.text)
    _printf_int_hex                          0x0800708f   Thumb Code    28  _printf_hex_int_ll_ptr.o(.text)
    _printf_ll_hex                           0x080070ab   Thumb Code    12  _printf_hex_int_ll_ptr.o(.text)
    _printf_hex_ptr                          0x080070b7   Thumb Code    18  _printf_hex_int_ll_ptr.o(.text)
    __printf                                 0x080070cd   Thumb Code   388  __printf_flags_ss_wp.o(.text)
    __aeabi_memcpy4                          0x08007255   Thumb Code     0  rt_memcpy_w.o(.text)
    __aeabi_memcpy8                          0x08007255   Thumb Code     0  rt_memcpy_w.o(.text)
    __rt_memcpy_w                            0x08007255   Thumb Code   100  rt_memcpy_w.o(.text)
    _memcpy_lastbytes_aligned                0x0800729d   Thumb Code     0  rt_memcpy_w.o(.text)
    _ll_udiv10                               0x080072b9   Thumb Code   138  lludiv10.o(.text)
    _printf_int_common                       0x08007343   Thumb Code   178  _printf_intcommon.o(.text)
    __lib_sel_fp_printf                      0x080073f5   Thumb Code     2  _printf_fp_dec.o(.text)
    _printf_fp_dec_real                      0x080075a3   Thumb Code   620  _printf_fp_dec.o(.text)
    _printf_fp_hex_real                      0x08007811   Thumb Code   754  _printf_fp_hex.o(.text)
    _printf_cs_common                        0x08007b0d   Thumb Code    20  _printf_char.o(.text)
    _printf_char                             0x08007b21   Thumb Code    16  _printf_char.o(.text)
    _printf_string                           0x08007b31   Thumb Code     8  _printf_char.o(.text)
    _printf_lcs_common                       0x08007b39   Thumb Code    20  _printf_wchar.o(.text)
    _printf_wchar                            0x08007b4d   Thumb Code    16  _printf_wchar.o(.text)
    _printf_wstring                          0x08007b5d   Thumb Code     8  _printf_wchar.o(.text)
    _wcrtomb                                 0x08007b65   Thumb Code    64  _wcrtomb.o(.text)
    __user_setup_stackheap                   0x08007ba5   Thumb Code    74  sys_stackheap_outer.o(.text)
    __rt_ctype_table                         0x08007bf1   Thumb Code    16  rt_ctype_table.o(.text)
    __rt_locale                              0x08007c01   Thumb Code     8  rt_locale_intlibspace.o(.text)
    _printf_fp_infnan                        0x08007c09   Thumb Code   112  _printf_fp_infnan.o(.text)
    _btod_etento                             0x08007c89   Thumb Code   216  bigflt0.o(.text)
    exit                                     0x08007d65   Thumb Code    18  exit.o(.text)
    __user_libspace                          0x08007d79   Thumb Code     8  libspace.o(.text)
    __user_perproc_libspace                  0x08007d79   Thumb Code     0  libspace.o(.text)
    __user_perthread_libspace                0x08007d79   Thumb Code     0  libspace.o(.text)
    strcmp                                   0x08007d81   Thumb Code   128  strcmpv7m.o(.text)
    _sys_exit                                0x08007e01   Thumb Code     8  sys_exit.o(.text)
    __I$use$semihosting                      0x08007e0d   Thumb Code     0  use_no_semi.o(.text)
    __use_no_semihosting_swi                 0x08007e0d   Thumb Code     2  use_no_semi.o(.text)
    __semihosting_library_function           0x08007e0f   Thumb Code     0  indicate_semi.o(.text)
    _btod_d2e                                0x08007e0f   Thumb Code    62  btod.o(CL$$btod_d2e)
    _d2e_denorm_low                          0x08007e4d   Thumb Code    70  btod.o(CL$$btod_d2e_denorm_low)
    _d2e_norm_op1                            0x08007e93   Thumb Code    96  btod.o(CL$$btod_d2e_norm_op1)
    __btod_div_common                        0x08007ef3   Thumb Code   696  btod.o(CL$$btod_div_common)
    _e2e                                     0x0800822b   Thumb Code   198  btod.o(CL$$btod_e2e)
    _btod_ediv                               0x080082f1   Thumb Code    40  btod.o(CL$$btod_ediv)
    _btod_emul                               0x08008319   Thumb Code    40  btod.o(CL$$btod_emul)
    __btod_mult_common                       0x08008341   Thumb Code   580  btod.o(CL$$btod_mult_common)
    __ARM_fpclassify                         0x08008585   Thumb Code    48  fpclassify.o(i.__ARM_fpclassify)
    _is_digit                                0x080085b5   Thumb Code    14  __printf_wp.o(i._is_digit)
    _get_lc_numeric                          0x080085c5   Thumb Code    44  lc_numeric_c.o(locale$$code)
    _get_lc_ctype                            0x080085f1   Thumb Code    44  lc_ctype_c.o(locale$$code)
    __aeabi_d2f                              0x0800861d   Thumb Code     0  d2f.o(x$fpl$d2f)
    _d2f                                     0x0800861d   Thumb Code    98  d2f.o(x$fpl$d2f)
    __aeabi_dadd                             0x08008681   Thumb Code     0  daddsub_clz.o(x$fpl$dadd)
    _dadd                                    0x08008681   Thumb Code   332  daddsub_clz.o(x$fpl$dadd)
    __aeabi_ddiv                             0x080087d1   Thumb Code     0  ddiv.o(x$fpl$ddiv)
    _ddiv                                    0x080087d1   Thumb Code   552  ddiv.o(x$fpl$ddiv)
    __aeabi_d2iz                             0x08008a81   Thumb Code     0  dfix.o(x$fpl$dfix)
    _dfix                                    0x08008a81   Thumb Code    94  dfix.o(x$fpl$dfix)
    __aeabi_i2d                              0x08008adf   Thumb Code     0  dflt_clz.o(x$fpl$dflt)
    _dflt                                    0x08008adf   Thumb Code    46  dflt_clz.o(x$fpl$dflt)
    __aeabi_dmul                             0x08008b0d   Thumb Code     0  dmul.o(x$fpl$dmul)
    _dmul                                    0x08008b0d   Thumb Code   332  dmul.o(x$fpl$dmul)
    __fpl_dnaninf                            0x08008c61   Thumb Code   156  dnaninf.o(x$fpl$dnaninf)
    __fpl_dretinf                            0x08008cfd   Thumb Code    12  dretinf.o(x$fpl$dretinf)
    __aeabi_dsub                             0x08008d09   Thumb Code     0  daddsub_clz.o(x$fpl$dsub)
    _dsub                                    0x08008d09   Thumb Code   464  daddsub_clz.o(x$fpl$dsub)
    __aeabi_f2d                              0x08008edd   Thumb Code     0  f2d.o(x$fpl$f2d)
    _f2d                                     0x08008edd   Thumb Code    86  f2d.o(x$fpl$f2d)
    __fpl_fnaninf                            0x08008f33   Thumb Code   140  fnaninf.o(x$fpl$fnaninf)
    _fp_init                                 0x08008fbf   Thumb Code    10  fpinit.o(x$fpl$fpinit)
    __fplib_config_fpu_vfp                   0x08008fc7   Thumb Code     0  fpinit.o(x$fpl$fpinit)
    __fplib_config_pureend_doubles           0x08008fc7   Thumb Code     0  fpinit.o(x$fpl$fpinit)
    __fpl_fretinf                            0x08008fc9   Thumb Code    10  fretinf.o(x$fpl$fretinf)
    _printf_fp_dec                           0x08008fd3   Thumb Code     4  printf1.o(x$fpl$printf1)
    _printf_fp_hex                           0x08008fd7   Thumb Code     4  printf2.o(x$fpl$printf2)
    __I$use$fp                               0x08008fda   Number         0  usenofp.o(x$fpl$usenofp)
    PA0                                      0x08008fdc   Data           8  gpio.o(.constdata)
    PA1                                      0x08008fe4   Data           8  gpio.o(.constdata)
    PA2                                      0x08008fec   Data           8  gpio.o(.constdata)
    PA3                                      0x08008ff4   Data           8  gpio.o(.constdata)
    PA4                                      0x08008ffc   Data           8  gpio.o(.constdata)
    PA5                                      0x08009004   Data           8  gpio.o(.constdata)
    PA6                                      0x0800900c   Data           8  gpio.o(.constdata)
    PA7                                      0x08009014   Data           8  gpio.o(.constdata)
    PA8                                      0x0800901c   Data           8  gpio.o(.constdata)
    PA9                                      0x08009024   Data           8  gpio.o(.constdata)
    PA10                                     0x0800902c   Data           8  gpio.o(.constdata)
    PA11                                     0x08009034   Data           8  gpio.o(.constdata)
    PA12                                     0x0800903c   Data           8  gpio.o(.constdata)
    PA13                                     0x08009044   Data           8  gpio.o(.constdata)
    PA14                                     0x0800904c   Data           8  gpio.o(.constdata)
    PA15                                     0x08009054   Data           8  gpio.o(.constdata)
    PB0                                      0x0800905c   Data           8  gpio.o(.constdata)
    PB1                                      0x08009064   Data           8  gpio.o(.constdata)
    PB2                                      0x0800906c   Data           8  gpio.o(.constdata)
    PB3                                      0x08009074   Data           8  gpio.o(.constdata)
    PB4                                      0x0800907c   Data           8  gpio.o(.constdata)
    PB5                                      0x08009084   Data           8  gpio.o(.constdata)
    PB6                                      0x0800908c   Data           8  gpio.o(.constdata)
    PB7                                      0x08009094   Data           8  gpio.o(.constdata)
    PB8                                      0x0800909c   Data           8  gpio.o(.constdata)
    PB9                                      0x080090a4   Data           8  gpio.o(.constdata)
    PB10                                     0x080090ac   Data           8  gpio.o(.constdata)
    PB11                                     0x080090b4   Data           8  gpio.o(.constdata)
    PB12                                     0x080090bc   Data           8  gpio.o(.constdata)
    PB13                                     0x080090c4   Data           8  gpio.o(.constdata)
    PB14                                     0x080090cc   Data           8  gpio.o(.constdata)
    PB15                                     0x080090d4   Data           8  gpio.o(.constdata)
    PC0                                      0x080090dc   Data           8  gpio.o(.constdata)
    PC1                                      0x080090e4   Data           8  gpio.o(.constdata)
    PC2                                      0x080090ec   Data           8  gpio.o(.constdata)
    PC3                                      0x080090f4   Data           8  gpio.o(.constdata)
    PC4                                      0x080090fc   Data           8  gpio.o(.constdata)
    PC5                                      0x08009104   Data           8  gpio.o(.constdata)
    PC6                                      0x0800910c   Data           8  gpio.o(.constdata)
    PC7                                      0x08009114   Data           8  gpio.o(.constdata)
    PC8                                      0x0800911c   Data           8  gpio.o(.constdata)
    PC9                                      0x08009124   Data           8  gpio.o(.constdata)
    PC10                                     0x0800912c   Data           8  gpio.o(.constdata)
    PC11                                     0x08009134   Data           8  gpio.o(.constdata)
    PC12                                     0x0800913c   Data           8  gpio.o(.constdata)
    PC13                                     0x08009144   Data           8  gpio.o(.constdata)
    PC14                                     0x0800914c   Data           8  gpio.o(.constdata)
    PC15                                     0x08009154   Data           8  gpio.o(.constdata)
    PD0                                      0x0800915c   Data           8  gpio.o(.constdata)
    PD1                                      0x08009164   Data           8  gpio.o(.constdata)
    PD2                                      0x0800916c   Data           8  gpio.o(.constdata)
    PD3                                      0x08009174   Data           8  gpio.o(.constdata)
    PD4                                      0x0800917c   Data           8  gpio.o(.constdata)
    PD5                                      0x08009184   Data           8  gpio.o(.constdata)
    PD6                                      0x0800918c   Data           8  gpio.o(.constdata)
    PD7                                      0x08009194   Data           8  gpio.o(.constdata)
    PD8                                      0x0800919c   Data           8  gpio.o(.constdata)
    PD9                                      0x080091a4   Data           8  gpio.o(.constdata)
    PD10                                     0x080091ac   Data           8  gpio.o(.constdata)
    PD11                                     0x080091b4   Data           8  gpio.o(.constdata)
    PD12                                     0x080091bc   Data           8  gpio.o(.constdata)
    PD13                                     0x080091c4   Data           8  gpio.o(.constdata)
    PD14                                     0x080091cc   Data           8  gpio.o(.constdata)
    PD15                                     0x080091d4   Data           8  gpio.o(.constdata)
    PE0                                      0x080091dc   Data           8  gpio.o(.constdata)
    PE1                                      0x080091e4   Data           8  gpio.o(.constdata)
    PE2                                      0x080091ec   Data           8  gpio.o(.constdata)
    PE3                                      0x080091f4   Data           8  gpio.o(.constdata)
    PE4                                      0x080091fc   Data           8  gpio.o(.constdata)
    PE5                                      0x08009204   Data           8  gpio.o(.constdata)
    PE6                                      0x0800920c   Data           8  gpio.o(.constdata)
    PE7                                      0x08009214   Data           8  gpio.o(.constdata)
    PE8                                      0x0800921c   Data           8  gpio.o(.constdata)
    PE9                                      0x08009224   Data           8  gpio.o(.constdata)
    PE10                                     0x0800922c   Data           8  gpio.o(.constdata)
    PE11                                     0x08009234   Data           8  gpio.o(.constdata)
    PE12                                     0x0800923c   Data           8  gpio.o(.constdata)
    PE13                                     0x08009244   Data           8  gpio.o(.constdata)
    PE14                                     0x0800924c   Data           8  gpio.o(.constdata)
    PE15                                     0x08009254   Data           8  gpio.o(.constdata)
    PF0                                      0x0800925c   Data           8  gpio.o(.constdata)
    PF1                                      0x08009264   Data           8  gpio.o(.constdata)
    PF2                                      0x0800926c   Data           8  gpio.o(.constdata)
    PF3                                      0x08009274   Data           8  gpio.o(.constdata)
    PF4                                      0x0800927c   Data           8  gpio.o(.constdata)
    PF5                                      0x08009284   Data           8  gpio.o(.constdata)
    PF6                                      0x0800928c   Data           8  gpio.o(.constdata)
    PF7                                      0x08009294   Data           8  gpio.o(.constdata)
    PF8                                      0x0800929c   Data           8  gpio.o(.constdata)
    PF9                                      0x080092a4   Data           8  gpio.o(.constdata)
    PF10                                     0x080092ac   Data           8  gpio.o(.constdata)
    PF11                                     0x080092b4   Data           8  gpio.o(.constdata)
    PF12                                     0x080092bc   Data           8  gpio.o(.constdata)
    PF13                                     0x080092c4   Data           8  gpio.o(.constdata)
    PF14                                     0x080092cc   Data           8  gpio.o(.constdata)
    PF15                                     0x080092d4   Data           8  gpio.o(.constdata)
    PG0                                      0x080092dc   Data           8  gpio.o(.constdata)
    PG1                                      0x080092e4   Data           8  gpio.o(.constdata)
    PG2                                      0x080092ec   Data           8  gpio.o(.constdata)
    PG3                                      0x080092f4   Data           8  gpio.o(.constdata)
    PG4                                      0x080092fc   Data           8  gpio.o(.constdata)
    PG5                                      0x08009304   Data           8  gpio.o(.constdata)
    PG6                                      0x0800930c   Data           8  gpio.o(.constdata)
    PG7                                      0x08009314   Data           8  gpio.o(.constdata)
    PG8                                      0x0800931c   Data           8  gpio.o(.constdata)
    PG9                                      0x08009324   Data           8  gpio.o(.constdata)
    PG10                                     0x0800932c   Data           8  gpio.o(.constdata)
    PG11                                     0x08009334   Data           8  gpio.o(.constdata)
    PG12                                     0x0800933c   Data           8  gpio.o(.constdata)
    PG13                                     0x08009344   Data           8  gpio.o(.constdata)
    PG14                                     0x0800934c   Data           8  gpio.o(.constdata)
    PG15                                     0x08009354   Data           8  gpio.o(.constdata)
    CRC8_INIT                                0x0800935c   Data           1  judge.o(.constdata)
    CRC8_TAB                                 0x0800935d   Data         256  judge.o(.constdata)
    wCRC_Table                               0x0800945e   Data         512  judge.o(.constdata)
    Region$$Table$$Base                      0x0800975c   Number         0  anon$$obj.o(Region$$Table)
    Region$$Table$$Limit                     0x0800977c   Number         0  anon$$obj.o(Region$$Table)
    __ctype                                  0x080097a5   Data           0  lc_ctype_c.o(locale$$data)
    msg                                      0x20001004   Data           4  main.o(.data)
    target_angle                             0x20001008   Data           4  main.o(.data)
    max                                      0x2000100c   Data           4  main.o(.data)
    w                                        0x20001010   Data           4  main.o(.data)
    SystemCoreClock                          0x20001014   Data           4  system_stm32f4xx.o(.data)
    AHBPrescTable                            0x20001018   Data          16  system_stm32f4xx.o(.data)
    curr_bg_color                            0x20002042   Data           2  1.8 tft_display.o(.data)
    curr_text_color                          0x20002044   Data           2  1.8 tft_display.o(.data)
    curr_text_color_sp                       0x20002046   Data           2  1.8 tft_display.o(.data)
    tft_orientation                          0x20002048   Data           1  1.8 tft_display.o(.data)
    tft_enabled                              0x20002049   Data           1  1.8 tft_display.o(.data)
    print_pos                                0x2000204a   Data           2  1.8 tft_display.o(.data)
    curr_ang_vel                             0x2000304c   Data           2  yaw_gyro.o(.data)
    prev_ang_vel                             0x2000304e   Data           2  yaw_gyro.o(.data)
    gyro_angle                               0x20003050   Data           4  yaw_gyro.o(.data)
    curr_real_angle                          0x20003054   Data           2  yaw_gyro.o(.data)
    prev_real_angle                          0x20003056   Data           2  yaw_gyro.o(.data)
    gyro_cal_result                          0x20003058   Data           2  yaw_gyro.o(.data)
    gyro_state                               0x2000305a   Data           1  yaw_gyro.o(.data)
    sim1_angle                               0x2000305c   Data           4  yaw_gyro.o(.data)
    sim2_angle                               0x20003060   Data           4  yaw_gyro.o(.data)
    sim_factor                               0x20003064   Data           1  yaw_gyro.o(.data)
    sim_before                               0x20003068   Data           4  yaw_gyro.o(.data)
    sim_now                                  0x2000306c   Data           4  yaw_gyro.o(.data)
    sim_angle                                0x20003070   Data           4  yaw_gyro.o(.data)
    real_angle                               0x20003074   Data           2  yaw_gyro.o(.data)
    sim_angle_off                            0x20003076   Data           2  yaw_gyro.o(.data)
    yaw_Kp                                   0x20003078   Data           4  yaw_gyro.o(.data)
    yaw_Ki                                   0x2000307c   Data           4  yaw_gyro.o(.data)
    yaw_Kd                                   0x20003080   Data           4  yaw_gyro.o(.data)
    yaw_temp_derivative                      0x20003084   Data           4  yaw_gyro.o(.data)
    yaw_temp_integral                        0x20003088   Data           4  yaw_gyro.o(.data)
    yaw_pre_error                            0x2000308c   Data           4  yaw_gyro.o(.data)
    yaw_pid_output_angle                     0x20003090   Data           4  yaw_gyro.o(.data)
    angle_updated                            0x20003094   Data           4  yaw_gyro.o(.data)
    old_yaw                                  0x20003098   Data           4  yaw_gyro.o(.data)
    yaw_turn_time                            0x2000309c   Data           2  yaw_gyro.o(.data)
    output_angle                             0x200030a0   Data           4  yaw_gyro.o(.data)
    connected_timer                          0x200030ac   Data           1  dbus.o(.data)
    UARTtemp                                 0x200030ad   Data           1  dbus.o(.data)
    CRC_INIT                                 0x200030b0   Data           2  judge.o(.data)
    UARTtemp1                                0x200030b2   Data           1  judge.o(.data)
    FT                                       0x200030b4   Data           4  judge.o(.data)
    base_Kp                                  0x200030b8   Data           4  base_pid.o(.data)
    base_Ki                                  0x200030bc   Data           4  base_pid.o(.data)
    base_Kd                                  0x200030c0   Data           4  base_pid.o(.data)
    current_accel                            0x200030c4   Data           4  base_pid.o(.data)
    CM_target                                0x200030c8   Data           8  base_pid.o(.data)
    current_vel                              0x200030d0   Data           6  base_pid.o(.data)
    ch_target                                0x200030d6   Data           6  base_pid.o(.data)
    mul                                      0x200030dc   Data           4  base_pid.o(.data)
    power_Kp                                 0x200030e0   Data           4  base_pid.o(.data)
    power_Ki                                 0x200030e4   Data           4  base_pid.o(.data)
    power_Kd                                 0x200030e8   Data           4  base_pid.o(.data)
    power_temp_integral                      0x200030ec   Data           4  base_pid.o(.data)
    power_temp_derivative                    0x200030f0   Data           4  base_pid.o(.data)
    power_pre_error                          0x200030f4   Data           4  base_pid.o(.data)
    power_pid_output                         0x200030f8   Data           4  base_pid.o(.data)
    motor                                    0x200030fc   Data          48  main.o(.bss)
    text                                     0x2000312c   Data         240  1.8 tft_display.o(.bss)
    text_prev                                0x2000321c   Data         240  1.8 tft_display.o(.bss)
    text_color                               0x2000330c   Data         480  1.8 tft_display.o(.bss)
    text_color_prev                          0x200034ec   Data         480  1.8 tft_display.o(.bss)
    bg_color                                 0x200036cc   Data         480  1.8 tft_display.o(.bss)
    bg_color_prev                            0x200038ac   Data         480  1.8 tft_display.o(.bss)
    text_bg_color_prev                       0x20003a8c   Data         240  1.8 tft_display.o(.bss)
    ADC1_level                               0x20003b7c   Data          34  adc.o(.bss)
    CM1Encoder                               0x20003ba0   Data          64  canbusprocess.o(.bss)
    CM2Encoder                               0x20003be0   Data          64  canbusprocess.o(.bss)
    CM3Encoder                               0x20003c20   Data          64  canbusprocess.o(.bss)
    CM4Encoder                               0x20003c60   Data          64  canbusprocess.o(.bss)
    GMYawEncoder                             0x20003ca0   Data          64  canbusprocess.o(.bss)
    GMPitchEncoder                           0x20003ce0   Data          64  canbusprocess.o(.bss)
    GMxEncoder                               0x20003d20   Data          64  canbusprocess.o(.bss)
    DBUS_ReceiveData                         0x20003d60   Data          24  dbus.o(.bss)
    LASTDBUS_ReceiveData                     0x20003d78   Data          24  dbus.o(.bss)
    DBUSBuffer                               0x20003d90   Data          19  dbus.o(.bss)
    InfantryJudge                            0x20003da4   Data          16  judge.o(.bss)
    JudgeDataBuffer                          0x20003db4   Data         150  judge.o(.bss)
    __libspace_start                         0x20003e4c   Data          96  libspace.o(.bss)
    __temporary_stack_top$libspace           0x20003eac   Data           0  libspace.o(.bss)



==============================================================================

Memory Map of the image

  Image Entry point : 0x08000189

  Load Region LR_IROM1 (Base: 0x08000000, Size: 0x0000c9a4, Max: 0x00100000, ABSOLUTE, COMPRESSED[0x00009ff8])

    Execution Region ER_IROM1 (Base: 0x08000000, Size: 0x000098a8, Max: 0x00100000, ABSOLUTE)

    Base Addr    Size         Type   Attr      Idx    E Section Name        Object

    0x08000000   0x00000188   Data   RO          291    RESET               startup_stm32f40_41xxx.o
    0x08000188   0x00000008   Code   RO         1284  * !!!main             c_w.l(__main.o)
    0x08000190   0x00000034   Code   RO         1643    !!!scatter          c_w.l(__scatter.o)
    0x080001c4   0x00000064   Code   RO         1641    !!dclz77c           c_w.l(__dclz77c.o)
    0x08000228   0x0000001c   Code   RO         1645    !!handler_zi        c_w.l(__scatter_zi.o)
    0x08000244   0x00000000   Code   RO         1394    .ARM.Collect$$_printf_percent$$00000000  c_w.l(_printf_percent.o)
    0x08000244   0x00000006   Code   RO         1383    .ARM.Collect$$_printf_percent$$00000001  c_w.l(_printf_n.o)
    0x0800024a   0x00000006   Code   RO         1385    .ARM.Collect$$_printf_percent$$00000002  c_w.l(_printf_p.o)
    0x08000250   0x00000006   Code   RO         1390    .ARM.Collect$$_printf_percent$$00000003  c_w.l(_printf_f.o)
    0x08000256   0x00000006   Code   RO         1391    .ARM.Collect$$_printf_percent$$00000004  c_w.l(_printf_e.o)
    0x0800025c   0x00000006   Code   RO         1392    .ARM.Collect$$_printf_percent$$00000005  c_w.l(_printf_g.o)
    0x08000262   0x00000006   Code   RO         1393    .ARM.Collect$$_printf_percent$$00000006  c_w.l(_printf_a.o)
    0x08000268   0x0000000a   Code   RO         1398    .ARM.Collect$$_printf_percent$$00000007  c_w.l(_printf_ll.o)
    0x08000272   0x00000006   Code   RO         1387    .ARM.Collect$$_printf_percent$$00000008  c_w.l(_printf_i.o)
    0x08000278   0x00000006   Code   RO         1388    .ARM.Collect$$_printf_percent$$00000009  c_w.l(_printf_d.o)
    0x0800027e   0x00000006   Code   RO         1389    .ARM.Collect$$_printf_percent$$0000000A  c_w.l(_printf_u.o)
    0x08000284   0x00000006   Code   RO         1386    .ARM.Collect$$_printf_percent$$0000000B  c_w.l(_printf_o.o)
    0x0800028a   0x00000006   Code   RO         1384    .ARM.Collect$$_printf_percent$$0000000C  c_w.l(_printf_x.o)
    0x08000290   0x00000006   Code   RO         1395    .ARM.Collect$$_printf_percent$$0000000D  c_w.l(_printf_lli.o)
    0x08000296   0x00000006   Code   RO         1396    .ARM.Collect$$_printf_percent$$0000000E  c_w.l(_printf_lld.o)
    0x0800029c   0x00000006   Code   RO         1397    .ARM.Collect$$_printf_percent$$0000000F  c_w.l(_printf_llu.o)
    0x080002a2   0x00000006   Code   RO         1402    .ARM.Collect$$_printf_percent$$00000010  c_w.l(_printf_llo.o)
    0x080002a8   0x00000006   Code   RO         1403    .ARM.Collect$$_printf_percent$$00000011  c_w.l(_printf_llx.o)
    0x080002ae   0x0000000a   Code   RO         1399    .ARM.Collect$$_printf_percent$$00000012  c_w.l(_printf_l.o)
    0x080002b8   0x00000006   Code   RO         1381    .ARM.Collect$$_printf_percent$$00000013  c_w.l(_printf_c.o)
    0x080002be   0x00000006   Code   RO         1382    .ARM.Collect$$_printf_percent$$00000014  c_w.l(_printf_s.o)
    0x080002c4   0x00000006   Code   RO         1400    .ARM.Collect$$_printf_percent$$00000015  c_w.l(_printf_lc.o)
    0x080002ca   0x00000006   Code   RO         1401    .ARM.Collect$$_printf_percent$$00000016  c_w.l(_printf_ls.o)
    0x080002d0   0x00000004   Code   RO         1453    .ARM.Collect$$_printf_percent$$00000017  c_w.l(_printf_percent_end.o)
    0x080002d4   0x00000002   Code   RO         1502    .ARM.Collect$$libinit$$00000000  c_w.l(libinit.o)
    0x080002d6   0x00000004   Code   RO         1517    .ARM.Collect$$libinit$$00000001  c_w.l(libinit2.o)
    0x080002da   0x00000000   Code   RO         1520    .ARM.Collect$$libinit$$00000004  c_w.l(libinit2.o)
    0x080002da   0x00000000   Code   RO         1523    .ARM.Collect$$libinit$$0000000A  c_w.l(libinit2.o)
    0x080002da   0x00000000   Code   RO         1525    .ARM.Collect$$libinit$$0000000C  c_w.l(libinit2.o)
    0x080002da   0x00000000   Code   RO         1527    .ARM.Collect$$libinit$$0000000E  c_w.l(libinit2.o)
    0x080002da   0x00000006   Code   RO         1528    .ARM.Collect$$libinit$$0000000F  c_w.l(libinit2.o)
    0x080002e0   0x00000000   Code   RO         1530    .ARM.Collect$$libinit$$00000011  c_w.l(libinit2.o)
    0x080002e0   0x0000000c   Code   RO         1531    .ARM.Collect$$libinit$$00000012  c_w.l(libinit2.o)
    0x080002ec   0x00000000   Code   RO         1532    .ARM.Collect$$libinit$$00000013  c_w.l(libinit2.o)
    0x080002ec   0x00000000   Code   RO         1534    .ARM.Collect$$libinit$$00000015  c_w.l(libinit2.o)
    0x080002ec   0x0000000a   Code   RO         1535    .ARM.Collect$$libinit$$00000016  c_w.l(libinit2.o)
    0x080002f6   0x00000000   Code   RO         1536    .ARM.Collect$$libinit$$00000017  c_w.l(libinit2.o)
    0x080002f6   0x00000000   Code   RO         1538    .ARM.Collect$$libinit$$00000019  c_w.l(libinit2.o)
    0x080002f6   0x00000000   Code   RO         1540    .ARM.Collect$$libinit$$0000001B  c_w.l(libinit2.o)
    0x080002f6   0x00000000   Code   RO         1542    .ARM.Collect$$libinit$$0000001D  c_w.l(libinit2.o)
    0x080002f6   0x00000000   Code   RO         1544    .ARM.Collect$$libinit$$0000001F  c_w.l(libinit2.o)
    0x080002f6   0x00000000   Code   RO         1546    .ARM.Collect$$libinit$$00000021  c_w.l(libinit2.o)
    0x080002f6   0x00000000   Code   RO         1548    .ARM.Collect$$libinit$$00000023  c_w.l(libinit2.o)
    0x080002f6   0x00000000   Code   RO         1550    .ARM.Collect$$libinit$$00000025  c_w.l(libinit2.o)
    0x080002f6   0x00000000   Code   RO         1554    .ARM.Collect$$libinit$$0000002C  c_w.l(libinit2.o)
    0x080002f6   0x00000000   Code   RO         1556    .ARM.Collect$$libinit$$0000002E  c_w.l(libinit2.o)
    0x080002f6   0x00000000   Code   RO         1558    .ARM.Collect$$libinit$$00000030  c_w.l(libinit2.o)
    0x080002f6   0x00000000   Code   RO         1560    .ARM.Collect$$libinit$$00000032  c_w.l(libinit2.o)
    0x080002f6   0x00000002   Code   RO         1561    .ARM.Collect$$libinit$$00000033  c_w.l(libinit2.o)
    0x080002f8   0x00000002   Code   RO         1581    .ARM.Collect$$libshutdown$$00000000  c_w.l(libshutdown.o)
    0x080002fa   0x00000000   Code   RO         1594    .ARM.Collect$$libshutdown$$00000002  c_w.l(libshutdown2.o)
    0x080002fa   0x00000000   Code   RO         1596    .ARM.Collect$$libshutdown$$00000004  c_w.l(libshutdown2.o)
    0x080002fa   0x00000000   Code   RO         1599    .ARM.Collect$$libshutdown$$00000007  c_w.l(libshutdown2.o)
    0x080002fa   0x00000000   Code   RO         1602    .ARM.Collect$$libshutdown$$0000000A  c_w.l(libshutdown2.o)
    0x080002fa   0x00000000   Code   RO         1604    .ARM.Collect$$libshutdown$$0000000C  c_w.l(libshutdown2.o)
    0x080002fa   0x00000000   Code   RO         1607    .ARM.Collect$$libshutdown$$0000000F  c_w.l(libshutdown2.o)
    0x080002fa   0x00000002   Code   RO         1608    .ARM.Collect$$libshutdown$$00000010  c_w.l(libshutdown2.o)
    0x080002fc   0x00000000   Code   RO         1312    .ARM.Collect$$rtentry$$00000000  c_w.l(__rtentry.o)
    0x080002fc   0x00000000   Code   RO         1424    .ARM.Collect$$rtentry$$00000002  c_w.l(__rtentry2.o)
    0x080002fc   0x00000006   Code   RO         1436    .ARM.Collect$$rtentry$$00000004  c_w.l(__rtentry4.o)
    0x08000302   0x00000000   Code   RO         1426    .ARM.Collect$$rtentry$$00000009  c_w.l(__rtentry2.o)
    0x08000302   0x00000004   Code   RO         1427    .ARM.Collect$$rtentry$$0000000A  c_w.l(__rtentry2.o)
    0x08000306   0x00000000   Code   RO         1429    .ARM.Collect$$rtentry$$0000000C  c_w.l(__rtentry2.o)
    0x08000306   0x00000008   Code   RO         1430    .ARM.Collect$$rtentry$$0000000D  c_w.l(__rtentry2.o)
    0x0800030e   0x00000002   Code   RO         1510    .ARM.Collect$$rtexit$$00000000  c_w.l(rtexit.o)
    0x08000310   0x00000000   Code   RO         1563    .ARM.Collect$$rtexit$$00000002  c_w.l(rtexit2.o)
    0x08000310   0x00000004   Code   RO         1564    .ARM.Collect$$rtexit$$00000003  c_w.l(rtexit2.o)
    0x08000314   0x00000006   Code   RO         1565    .ARM.Collect$$rtexit$$00000004  c_w.l(rtexit2.o)
    0x0800031a   0x00000024   Code   RO            4    .text               stm32f4xx_it.o
    0x0800033e   0x00000002   PAD
    0x08000340   0x000004d0   Code   RO          151    .text               main.o
    0x08000810   0x00000210   Code   RO          262    .text               system_stm32f4xx.o
    0x08000a20   0x00000040   Code   RO          292    .text               startup_stm32f40_41xxx.o
    0x08000a60   0x000000e0   Code   RO          299    .text               misc.o
    0x08000b40   0x00000464   Code   RO          349    .text               stm32f4xx_adc.o
    0x08000fa4   0x000009f0   Code   RO          373    .text               stm32f4xx_can.o
    0x08001994   0x000003a8   Code   RO          421    .text               stm32f4xx_dma.o
    0x08001d3c   0x00000294   Code   RO          469    .text               stm32f4xx_gpio.o
    0x08001fd0   0x00000480   Code   RO          517    .text               stm32f4xx_spi.o
    0x08002450   0x00000ca2   Code   RO          565    .text               stm32f4xx_tim.o
    0x080030f2   0x00000002   PAD
    0x080030f4   0x00000454   Code   RO          589    .text               stm32f4xx_usart.o
    0x08003548   0x0000065c   Code   RO          613    .text               stm32f4xx_rcc.o
    0x08003ba4   0x000002bc   Code   RO          673    .text               gpio.o
    0x08003e60   0x000000cc   Code   RO          703    .text               ticks.o
    0x08003f2c   0x00000180   Code   RO          733    .text               pwm.o
    0x080040ac   0x00000200   Code   RO          760    .text               timer.o
    0x080042ac   0x00000064   Code   RO          815    .text               led.o
    0x08004310   0x00000e7c   Code   RO          868    .text               1.8 tft_display.o
    0x0800518c   0x000007e0   Code   RO          943    .text               yaw_gyro.o
    0x0800596c   0x00000148   Code   RO          978    .text               adc.o
    0x08005ab4   0x00000130   Code   RO         1013    .text               encoder.o
    0x08005be4   0x00000080   Code   RO         1039    .text               pneumatic.o
    0x08005c64   0x00000154   Code   RO         1063    .text               can1.o
    0x08005db8   0x00000150   Code   RO         1091    .text               can2.o
    0x08005f08   0x000002ac   Code   RO         1118    .text               canbusprocess.o
    0x080061b4   0x000002a0   Code   RO         1153    .text               dbus.o
    0x08006454   0x0000039c   Code   RO         1184    .text               judge.o
    0x080067f0   0x0000044c   Code   RO         1216    .text               base_pid.o
    0x08006c3c   0x00000024   Code   RO         1278    .text               c_w.l(vsprintf.o)
    0x08006c60   0x0000008a   Code   RO         1280    .text               c_w.l(rt_memcpy_v6.o)
    0x08006cea   0x00000006   Code   RO         1282    .text               c_w.l(heapauxi.o)
    0x08006cf0   0x0000004e   Code   RO         1315    .text               c_w.l(_printf_pad.o)
    0x08006d3e   0x00000024   Code   RO         1317    .text               c_w.l(_printf_truncate.o)
    0x08006d62   0x00000052   Code   RO         1319    .text               c_w.l(_printf_str.o)
    0x08006db4   0x00000078   Code   RO         1321    .text               c_w.l(_printf_dec.o)
    0x08006e2c   0x00000028   Code   RO         1323    .text               c_w.l(_printf_charcount.o)
    0x08006e54   0x00000030   Code   RO         1325    .text               c_w.l(_printf_char_common.o)
    0x08006e84   0x0000000a   Code   RO         1327    .text               c_w.l(_sputc.o)
    0x08006e8e   0x00000002   PAD
    0x08006e90   0x000000bc   Code   RO         1329    .text               c_w.l(_printf_wctomb.o)
    0x08006f4c   0x0000007c   Code   RO         1332    .text               c_w.l(_printf_longlong_dec.o)
    0x08006fc8   0x00000070   Code   RO         1338    .text               c_w.l(_printf_oct_int_ll.o)
    0x08007038   0x00000094   Code   RO         1358    .text               c_w.l(_printf_hex_int_ll_ptr.o)
    0x080070cc   0x00000188   Code   RO         1378    .text               c_w.l(__printf_flags_ss_wp.o)
    0x08007254   0x00000064   Code   RO         1404    .text               c_w.l(rt_memcpy_w.o)
    0x080072b8   0x0000008a   Code   RO         1438    .text               c_w.l(lludiv10.o)
    0x08007342   0x000000b2   Code   RO         1440    .text               c_w.l(_printf_intcommon.o)
    0x080073f4   0x0000041a   Code   RO         1442    .text               c_w.l(_printf_fp_dec.o)
    0x0800780e   0x00000002   PAD
    0x08007810   0x000002fc   Code   RO         1444    .text               c_w.l(_printf_fp_hex.o)
    0x08007b0c   0x0000002c   Code   RO         1449    .text               c_w.l(_printf_char.o)
    0x08007b38   0x0000002c   Code   RO         1451    .text               c_w.l(_printf_wchar.o)
    0x08007b64   0x00000040   Code   RO         1454    .text               c_w.l(_wcrtomb.o)
    0x08007ba4   0x0000004a   Code   RO         1456    .text               c_w.l(sys_stackheap_outer.o)
    0x08007bee   0x00000002   PAD
    0x08007bf0   0x00000010   Code   RO         1458    .text               c_w.l(rt_ctype_table.o)
    0x08007c00   0x00000008   Code   RO         1463    .text               c_w.l(rt_locale_intlibspace.o)
    0x08007c08   0x00000080   Code   RO         1465    .text               c_w.l(_printf_fp_infnan.o)
    0x08007c88   0x000000dc   Code   RO         1467    .text               c_w.l(bigflt0.o)
    0x08007d64   0x00000012   Code   RO         1495    .text               c_w.l(exit.o)
    0x08007d76   0x00000002   PAD
    0x08007d78   0x00000008   Code   RO         1507    .text               c_w.l(libspace.o)
    0x08007d80   0x00000080   Code   RO         1515    .text               c_w.l(strcmpv7m.o)
    0x08007e00   0x0000000c   Code   RO         1573    .text               c_w.l(sys_exit.o)
    0x08007e0c   0x00000002   Code   RO         1584    .text               c_w.l(use_no_semi.o)
    0x08007e0e   0x00000000   Code   RO         1586    .text               c_w.l(indicate_semi.o)
    0x08007e0e   0x0000003e   Code   RO         1470    CL$$btod_d2e        c_w.l(btod.o)
    0x08007e4c   0x00000046   Code   RO         1472    CL$$btod_d2e_denorm_low  c_w.l(btod.o)
    0x08007e92   0x00000060   Code   RO         1471    CL$$btod_d2e_norm_op1  c_w.l(btod.o)
    0x08007ef2   0x00000338   Code   RO         1480    CL$$btod_div_common  c_w.l(btod.o)
    0x0800822a   0x000000c6   Code   RO         1477    CL$$btod_e2e        c_w.l(btod.o)
    0x080082f0   0x00000028   Code   RO         1474    CL$$btod_ediv       c_w.l(btod.o)
    0x08008318   0x00000028   Code   RO         1473    CL$$btod_emul       c_w.l(btod.o)
    0x08008340   0x00000244   Code   RO         1479    CL$$btod_mult_common  c_w.l(btod.o)
    0x08008584   0x00000030   Code   RO         1505    i.__ARM_fpclassify  m_wm.l(fpclassify.o)
    0x080085b4   0x0000000e   Code   RO         1371    i._is_digit         c_w.l(__printf_wp.o)
    0x080085c2   0x00000002   PAD
    0x080085c4   0x0000002c   Code   RO         1493    locale$$code        c_w.l(lc_numeric_c.o)
    0x080085f0   0x0000002c   Code   RO         1513    locale$$code        c_w.l(lc_ctype_c.o)
    0x0800861c   0x00000062   Code   RO         1286    x$fpl$d2f           fz_wm.l(d2f.o)
    0x0800867e   0x00000002   PAD
    0x08008680   0x00000150   Code   RO         1288    x$fpl$dadd          fz_wm.l(daddsub_clz.o)
    0x080087d0   0x000002b0   Code   RO         1295    x$fpl$ddiv          fz_wm.l(ddiv.o)
    0x08008a80   0x0000005e   Code   RO         1298    x$fpl$dfix          fz_wm.l(dfix.o)
    0x08008ade   0x0000002e   Code   RO         1303    x$fpl$dflt          fz_wm.l(dflt_clz.o)
    0x08008b0c   0x00000154   Code   RO         1308    x$fpl$dmul          fz_wm.l(dmul.o)
    0x08008c60   0x0000009c   Code   RO         1406    x$fpl$dnaninf       fz_wm.l(dnaninf.o)
    0x08008cfc   0x0000000c   Code   RO         1408    x$fpl$dretinf       fz_wm.l(dretinf.o)
    0x08008d08   0x000001d4   Code   RO         1290    x$fpl$dsub          fz_wm.l(daddsub_clz.o)
    0x08008edc   0x00000056   Code   RO         1310    x$fpl$f2d           fz_wm.l(f2d.o)
    0x08008f32   0x0000008c   Code   RO         1410    x$fpl$fnaninf       fz_wm.l(fnaninf.o)
    0x08008fbe   0x0000000a   Code   RO         1571    x$fpl$fpinit        fz_wm.l(fpinit.o)
    0x08008fc8   0x0000000a   Code   RO         1412    x$fpl$fretinf       fz_wm.l(fretinf.o)
    0x08008fd2   0x00000004   Code   RO         1414    x$fpl$printf1       fz_wm.l(printf1.o)
    0x08008fd6   0x00000004   Code   RO         1416    x$fpl$printf2       fz_wm.l(printf2.o)
    0x08008fda   0x00000000   Code   RO         1422    x$fpl$usenofp       fz_wm.l(usenofp.o)
    0x08008fda   0x00000002   PAD
    0x08008fdc   0x00000380   Data   RO          674    .constdata          gpio.o
    0x0800935c   0x00000302   Data   RO         1186    .constdata          judge.o
    0x0800965e   0x00000002   PAD
    0x08009660   0x00000008   Data   RO         1330    .constdata          c_w.l(_printf_wctomb.o)
    0x08009668   0x00000028   Data   RO         1359    .constdata          c_w.l(_printf_hex_int_ll_ptr.o)
    0x08009690   0x00000011   Data   RO         1379    .constdata          c_w.l(__printf_flags_ss_wp.o)
    0x080096a1   0x00000026   Data   RO         1445    .constdata          c_w.l(_printf_fp_hex.o)
    0x080096c7   0x00000001   PAD
    0x080096c8   0x00000094   Data   RO         1468    .constdata          c_w.l(bigflt0.o)
    0x0800975c   0x00000020   Data   RO         1639    Region$$Table       anon$$obj.o
    0x0800977c   0x0000001c   Data   RO         1492    locale$$data        c_w.l(lc_numeric_c.o)
    0x08009798   0x00000110   Data   RO         1512    locale$$data        c_w.l(lc_ctype_c.o)


    Execution Region RW_IRAM1 (Base: 0x20000000, Size: 0x000044b0, Max: 0x00020000, ABSOLUTE, COMPRESSED[0x00000750])

    Base Addr    Size         Type   Attr      Idx    E Section Name        Object

    0x20000000   0x00001014   Data   RW          153    .data               main.o
    0x20001014   0x00000014   Data   RW          263    .data               system_stm32f4xx.o
    0x20001028   0x00000010   Data   RW          614    .data               stm32f4xx_rcc.o
    0x20001038   0x00000008   Data   RW          704    .data               ticks.o
    0x20001040   0x00000001   Data   RW          816    .data               led.o
    0x20001041   0x00000001   PAD
    0x20001042   0x0000100a   Data   RW          870    .data               1.8 tft_display.o
    0x2000204c   0x00001058   Data   RW          944    .data               yaw_gyro.o
    0x200030a4   0x00000002   Data   RW         1014    .data               encoder.o
    0x200030a6   0x00000002   PAD
    0x200030a8   0x00000004   Data   RW         1120    .data               canbusprocess.o
    0x200030ac   0x00000002   Data   RW         1155    .data               dbus.o
    0x200030ae   0x00000002   PAD
    0x200030b0   0x00000008   Data   RW         1187    .data               judge.o
    0x200030b8   0x00000044   Data   RW         1217    .data               base_pid.o
    0x200030fc   0x00000030   Zero   RW          152    .bss                main.o
    0x2000312c   0x00000a50   Zero   RW          869    .bss                1.8 tft_display.o
    0x20003b7c   0x00000022   Zero   RW          979    .bss                adc.o
    0x20003b9e   0x00000002   PAD
    0x20003ba0   0x000001c0   Zero   RW         1119    .bss                canbusprocess.o
    0x20003d60   0x00000043   Zero   RW         1154    .bss                dbus.o
    0x20003da3   0x00000001   PAD
    0x20003da4   0x000000a6   Zero   RW         1185    .bss                judge.o
    0x20003e4a   0x00000002   PAD
    0x20003e4c   0x00000060   Zero   RW         1508    .bss                c_w.l(libspace.o)
    0x20003eac   0x00000004   PAD
    0x20003eb0   0x00000200   Zero   RW          290    HEAP                startup_stm32f40_41xxx.o
    0x200040b0   0x00000400   Zero   RW          289    STACK               startup_stm32f40_41xxx.o


==============================================================================

Image component sizes


      Code (inc. data)   RO Data    RW Data    ZI Data      Debug   Object Name

      3708        144          0       4106       2640      10039   1.8 tft_display.o
       328         26          0          0         34       2477   adc.o
      1100         94          0         68          0       3584   base_pid.o
         0          0          0          0          0       2444   buzzer.o
       340         12          0          0          0       1052   can1.o
       336          8          0          0          0       1044   can2.o
       684         52          0          4        448       3926   canbusprocess.o
       672         36          0          2         67       2871   dbus.o
       304         22          0          2          0       1607   encoder.o
       700         20        896          0          0       6068   gpio.o
       924         56        770          8        166       4726   judge.o
       100         10          0          1          0       1224   led.o
      1232        210          0       4116         48       2568   main.o
       224         20          0          0          0     252997   misc.o
       128         20          0          0          0        731   pneumatic.o
       384         36          0          0          0       1737   pwm.o
        64         26        392          0       1536        832   startup_stm32f40_41xxx.o
      1124         24          0          0          0      10678   stm32f4xx_adc.o
      2544         38          0          0          0       8140   stm32f4xx_can.o
       936         32          0          0          0       6389   stm32f4xx_dma.o
       660         44          0          0          0       4153   stm32f4xx_gpio.o
        36          0          0          0          0     311766   stm32f4xx_it.o
      1628         52          0         16          0      13020   stm32f4xx_rcc.o
      1152         36          0          0          0       6901   stm32f4xx_spi.o
      3234         60          0          0          0      23008   stm32f4xx_tim.o
      1108         34          0          0          0       7876   stm32f4xx_usart.o
       528         46          0         20          0       1767   system_stm32f4xx.o
       204         26          0          8          0      28241   ticks.o
       512         52          0          0          0       1871   timer.o
      2016        152          0       4184          0       7326   yaw_gyro.o

    ----------------------------------------------------------------------
     26914       1388       2092      12540       4944     731063   Object Totals
         0          0         32          0          0          0   (incl. Generated)
         4          0          2          5          5          0   (incl. Padding)

    ----------------------------------------------------------------------

      Code (inc. data)   RO Data    RW Data    ZI Data      Debug   Library Member Name

       100          0          0          0          0          0   __dclz77c.o
         8          0          0          0          0         68   __main.o
       392          4         17          0          0         92   __printf_flags_ss_wp.o
        14          0          0          0          0         68   __printf_wp.o
         0          0          0          0          0          0   __rtentry.o
        12          0          0          0          0          0   __rtentry2.o
         6          0          0          0          0          0   __rtentry4.o
        52          8          0          0          0          0   __scatter.o
        28          0          0          0          0          0   __scatter_zi.o
         6          0          0          0          0          0   _printf_a.o
         6          0          0          0          0          0   _printf_c.o
        44          0          0          0          0        108   _printf_char.o
        48          6          0          0          0         96   _printf_char_common.o
        40          0          0          0          0         68   _printf_charcount.o
         6          0          0          0          0          0   _printf_d.o
       120         16          0          0          0         92   _printf_dec.o
         6          0          0          0          0          0   _printf_e.o
         6          0          0          0          0          0   _printf_f.o
      1050          0          0          0          0        216   _printf_fp_dec.o
       764         10         38          0          0        100   _printf_fp_hex.o
       128         16          0          0          0         84   _printf_fp_infnan.o
         6          0          0          0          0          0   _printf_g.o
       148          4         40          0          0        160   _printf_hex_int_ll_ptr.o
         6          0          0          0          0          0   _printf_i.o
       178          0          0          0          0         88   _printf_intcommon.o
        10          0          0          0          0          0   _printf_l.o
         6          0          0          0          0          0   _printf_lc.o
        10          0          0          0          0          0   _printf_ll.o
         6          0          0          0          0          0   _printf_lld.o
         6          0          0          0          0          0   _printf_lli.o
         6          0          0          0          0          0   _printf_llo.o
         6          0          0          0          0          0   _printf_llu.o
         6          0          0          0          0          0   _printf_llx.o
       124         16          0          0          0         92   _printf_longlong_dec.o
         6          0          0          0          0          0   _printf_ls.o
         6          0          0          0          0          0   _printf_n.o
         6          0          0          0          0          0   _printf_o.o
       112          8          0          0          0        124   _printf_oct_int_ll.o
         6          0          0          0          0          0   _printf_p.o
        78          0          0          0          0        108   _printf_pad.o
         0          0          0          0          0          0   _printf_percent.o
         4          0          0          0          0          0   _printf_percent_end.o
         6          0          0          0          0          0   _printf_s.o
        82          0          0          0          0         80   _printf_str.o
        36          0          0          0          0         84   _printf_truncate.o
         6          0          0          0          0          0   _printf_u.o
        44          0          0          0          0        108   _printf_wchar.o
       188          6          8          0          0         92   _printf_wctomb.o
         6          0          0          0          0          0   _printf_x.o
        10          0          0          0          0         68   _sputc.o
        64          0          0          0          0         92   _wcrtomb.o
       220          4        148          0          0         96   bigflt0.o
      1910        128          0          0          0        672   btod.o
        18          0          0          0          0         80   exit.o
         6          0          0          0          0        152   heapauxi.o
         0          0          0          0          0          0   indicate_semi.o
        44         10        272          0          0         76   lc_ctype_c.o
        44         10         28          0          0         76   lc_numeric_c.o
         2          0          0          0          0          0   libinit.o
        34          0          0          0          0          0   libinit2.o
         2          0          0          0          0          0   libshutdown.o
         2          0          0          0          0          0   libshutdown2.o
         8          4          0          0         96         68   libspace.o
       138          0          0          0          0         80   lludiv10.o
        16          4          0          0          0         76   rt_ctype_table.o
         8          4          0          0          0         68   rt_locale_intlibspace.o
       138          0          0          0          0         68   rt_memcpy_v6.o
       100          0          0          0          0         80   rt_memcpy_w.o
         2          0          0          0          0          0   rtexit.o
        10          0          0          0          0          0   rtexit2.o
       128          0          0          0          0         68   strcmpv7m.o
        12          4          0          0          0         68   sys_exit.o
        74          0          0          0          0         80   sys_stackheap_outer.o
         2          0          0          0          0         68   use_no_semi.o
        36          4          0          0          0         76   vsprintf.o
        98          4          0          0          0        140   d2f.o
       804         16          0          0          0        368   daddsub_clz.o
       688        140          0          0          0        256   ddiv.o
        94          4          0          0          0        140   dfix.o
        46          0          0          0          0        116   dflt_clz.o
       340         12          0          0          0        152   dmul.o
       156          4          0          0          0        140   dnaninf.o
        12          0          0          0          0        116   dretinf.o
        86          4          0          0          0        132   f2d.o
       140          4          0          0          0        132   fnaninf.o
        10          0          0          0          0        116   fpinit.o
        10          0          0          0          0        116   fretinf.o
         4          0          0          0          0        116   printf1.o
         4          0          0          0          0        116   printf2.o
         0          0          0          0          0          0   usenofp.o
        48          0          0          0          0        124   fpclassify.o

    ----------------------------------------------------------------------
      9522        454        552          0        100       6320   Library Totals
        14          0          1          0          4          0   (incl. Padding)

    ----------------------------------------------------------------------

      Code (inc. data)   RO Data    RW Data    ZI Data      Debug   Library Name

      6968        266        551          0         96       4040   c_w.l
      2492        188          0          0          0       2156   fz_wm.l
        48          0          0          0          0        124   m_wm.l

    ----------------------------------------------------------------------
      9522        454        552          0        100       6320   Library Totals

    ----------------------------------------------------------------------

==============================================================================


      Code (inc. data)   RO Data    RW Data    ZI Data      Debug   

     36436       1842       2644      12540       5044     727199   Grand Totals
     36436       1842       2644       1872       5044     727199   ELF Image Totals (compressed)
     36436       1842       2644       1872          0          0   ROM Totals

==============================================================================

    Total RO  Size (Code + RO Data)                39080 (  38.16kB)
    Total RW  Size (RW Data + ZI Data)             17584 (  17.17kB)
    Total ROM Size (Code + RO Data + RW Data)      40952 (  39.99kB)

==============================================================================

